 dosbox_emu

 Timestamp is 51823e51 (Thu May 02 21:22:09 2013)

 Preferred load address is 10000000

 Start         Length     Name                   Class
 0001:00000000 00121ef8H .text                   CODE
 0001:00121ef8 00009030H .text$yc                CODE
 0001:0012af28 00008860H .text$yd                CODE
 0002:00000000 00000104H .CRT$XCA                DATA
 0002:00000104 00000104H .CRT$XCL                DATA
 0002:00000208 000001c6H .CRT$XCU                DATA
 0002:000003d0 00000104H .CRT$XCZ                DATA
 0002:000004d4 00000104H .CRT$XIA                DATA
 0002:000005d8 00000104H .CRT$XIAA               DATA
 0002:000006dc 00000104H .CRT$XIC                DATA
 0002:000007e0 00000104H .CRT$XIZ                DATA
 0002:000008f0 0001333aH .rdata                  DATA
 0002:00013c2c 00000169H .rdata$debug            DATA
 0002:00013d98 00000fc2H .rdata$r                DATA
 0002:00014d5c 00000104H .rtc$IAA                DATA
 0002:00014e60 00000156H .rtc$IMZ                DATA
 0002:00014fb8 00000104H .rtc$IZZ                DATA
 0002:000150bc 00000104H .rtc$TAA                DATA
 0002:000151c0 00000156H .rtc$TMZ                DATA
 0002:00015318 00000104H .rtc$TZZ                DATA
 0002:00015420 0000f6d0H .xdata                  DATA
 0002:00024af0 00000222H .xdata$x                DATA
 0002:00024d20 00000178H .edata                  DATA
 0003:00000000 0000600aH .data                   DATA
 0003:00006010 001c2b80H .bss                    DATA
 0004:00000000 00005980H .pdata                  DATA
 0005:00000000 000000a0H .idata$2                DATA
 0005:000000a0 00000014H .idata$3                DATA
 0005:000000b4 000005d8H .idata$4                DATA
 0005:0000068c 000005d8H .idata$5                DATA
 0005:00000c64 0000220dH .idata$6                DATA
 0006:00000000 00000169H .rsrc$01                DATA
 0006:00000170 000002ccH .rsrc$02                DATA

  Address         Publics by Value              Rva+Base       Lib:Object

 0000:00000000       ___safe_se_handler_table   00000000     <absolute>
 0000:00000000       ___safe_se_handler_count   00000000     <absolute>
 0000:00000001       _fltused                   00000001     <absolute>
 0000:00000000       __ImageBase                10000000     <linker-defined>
 0000:00000000       _load_config_used          10000000     <linker-defined>
 0001:00008350       ?CALLBACK_Allocate@@YAIXZ  10009350 f   callback.obj
 0001:000083c0       ?CALLBACK_DeAllocate@@YAXI@Z 100093c0 f   callback.obj
 0001:000083ec       ?CALLBACK_Idle@@YAXXZ      100093ec f   callback.obj
 0001:000084c0       ?CALLBACK_RunRealFar@@YAXGG@Z 100094c0 f   callback.obj
 0001:000085a0       ?CALLBACK_RunRealInt@@YAXE@Z 100095a0 f   callback.obj
 0001:00008614       ?CALLBACK_SZF@@YAX_N@Z     10009614 f   callback.obj
 0001:000086a0       ?CALLBACK_SCF@@YAX_N@Z     100096a0 f   callback.obj
 0001:0000872c       ?CALLBACK_SIF@@YAX_N@Z     1000972c f   callback.obj
 0001:000087b8       ?CALLBACK_SetDescription@@YAXIPBD@Z 100097b8 f   callback.obj
 0001:00008830       ?CALLBACK_GetDescription@@YAPBDI@Z 10009830 f   callback.obj
 0001:00008870       ?CALLBACK_SetupExtra@@YAIIIK_N@Z 10009870 f   callback.obj
 0001:00009294       ?CALLBACK_Setup@@YA_NIP6AIXZIPBD@Z 1000a294 f   callback.obj
 0001:00009314       ?CALLBACK_Setup@@YAIIP6AIXZIKPBD@Z 1000a314 f   callback.obj
 0001:00009394       ?CALLBACK_RemoveSetup@@YAXI@Z 1000a394 f   callback.obj
 0001:000093dc       ??1CALLBACK_HandlerObject@@QAA@XZ 1000a3dc f   callback.obj
 0001:00009510       ?Install@CALLBACK_HandlerObject@@QAAXP6AIXZIPBD@Z 1000a510 f   callback.obj
 0001:00009570       ?Install@CALLBACK_HandlerObject@@QAAXP6AIXZIKPBD@Z 1000a570 f   callback.obj
 0001:000095d8       ?Allocate@CALLBACK_HandlerObject@@QAAXP6AIXZPBD@Z 1000a5d8 f   callback.obj
 0001:0000964c       ?Set_RealVec@CALLBACK_HandlerObject@@QAAXE@Z 1000a64c f   callback.obj
 0001:000096b0       ?CALLBACK_Init@@YAXPAVSection@@@Z 1000a6b0 f   callback.obj
 0001:0000a600       ?Get_RealPointer@CALLBACK_HandlerObject@@QAAKXZ 1000b600 f i callback.obj
 0001:0000a63c       ??0LOG@@QAA@W4LOG_TYPES@@W4LOG_SEVERITIES@@@Z 1000b63c f i callback.obj
 0001:0000a66c       ??RLOG@@QAAXPBDN0@Z        1000b66c f i callback.obj
 0001:0000a698       ??RLOG@@QAAXPBDN@Z         1000b698 f i callback.obj
 0001:0000a6c4       ?Clear@CacheBlockDynRec@@QAAXXZ 1000b6c4 f   core_dynrec.obj
 0001:0000a8b8       ?mem_readb_checked_drc@@YA_NK@Z 1000b8b8 f   core_dynrec.obj
 0001:0000a8f8       ?mem_writeb_checked_drc@@YA_NKE@Z 1000b8f8 f   core_dynrec.obj
 0001:0000a92c       ?mem_readw_checked_drc@@YA_NK@Z 1000b92c f   core_dynrec.obj
 0001:0000a96c       ?mem_readd_checked_drc@@YA_NK@Z 1000b96c f   core_dynrec.obj
 0001:0000a9a8       ?mem_writew_checked_drc@@YA_NKG@Z 1000b9a8 f   core_dynrec.obj
 0001:0000a9dc       ?mem_writed_checked_drc@@YA_NKK@Z 1000b9dc f   core_dynrec.obj
 0001:0000aa0c       ?LinkBlocks@@YAPAVCacheBlockDynRec@@W4BlockReturn@@@Z 1000ba0c f   core_dynrec.obj
 0001:0000aaac       _InterlockedIncrement8     1000baac f   core_dynrec.obj
 0001:0000aac8       _InterlockedDecrement8     1000bac8 f   core_dynrec.obj
 0001:0000aae4       PLI                        1000bae4 f   core_dynrec.obj
 0001:0000aaec       ?CPU_Core_Dynrec_Run@@YAHXZ 1000baec f   core_dynrec.obj
 0001:0000ad90       ?CPU_Core_Dynrec_Trap_Run@@YAHXZ 1000bd90 f   core_dynrec.obj
 0001:0000ae00       ?CPU_Core_Dynrec_Init@@YAXXZ 1000be00 f   core_dynrec.obj
 0001:0000ae0c       ?CPU_Core_Dynrec_Cache_Init@@YAX_N@Z 1000be0c f   core_dynrec.obj
 0001:0000ae28       ?CPU_Core_Dynrec_Cache_Close@@YAXXZ 1000be28 f   core_dynrec.obj
 0001:00022714       ??RLOG@@QAAXPBD@Z          10023714 f i core_dynrec.obj
 0001:0002272c       ?DelCacheBlock@CodePageHandlerDynRec@@QAAXPAVCacheBlockDynRec@@@Z 1002372c f i core_dynrec.obj
 0001:00022990       ?FindCacheBlock@CodePageHandlerDynRec@@QAAPAVCacheBlockDynRec@@I@Z 10023990 f i core_dynrec.obj
 0001:00022a08       ?LinkTo@CacheBlockDynRec@@QAAXIPAV1@@Z 10023a08 f i core_dynrec.obj
 0001:00022ab4       ??0_Generic_error_category@std@@QAA@XZ 10023ab4 f i core_dynrec.obj
 0001:00022afc       ??0_Iostream_error_category@std@@QAA@XZ 10023afc f i core_dynrec.obj
 0001:00022b44       ??0_System_error_category@std@@QAA@XZ 10023b44 f i core_dynrec.obj
 0001:00022b8c       ?ClearRelease@CodePageHandlerDynRec@@QAAXXZ 10023b8c f i core_dynrec.obj
 0001:00022c24       ?SetupAt@CodePageHandlerDynRec@@QAAXIPAVPageHandler@@@Z 10023c24 f i core_dynrec.obj
 0001:00022d10       ?AddCacheBlock@CodePageHandlerDynRec@@QAAXPAVCacheBlockDynRec@@@Z 10023d10 f i core_dynrec.obj
 0001:00022db4       ??0CodePageHandlerDynRec@@QAA@XZ 10023db4 f i core_dynrec.obj
 0001:00022e0c       ??0error_category@std@@QAA@XZ 10023e0c f i core_dynrec.obj
 0001:00022e48       ??_E_Generic_error_category@std@@UAAPAXI@Z 10023e48 f i core_dynrec.obj
 0001:00022e48       ??_G_Generic_error_category@std@@UAAPAXI@Z 10023e48 f i core_dynrec.obj
 0001:00022e90       ?name@_Generic_error_category@std@@UBAPBDXZ 10023e90 f i core_dynrec.obj
 0001:00022ec4       ?message@_Generic_error_category@std@@UBA?AV?$basic_string@DU?$char_traits@D@std@@V?$allocator@D@2@@2@H@Z 10023ec4 f i core_dynrec.obj
 0001:00022f44       ?default_error_condition@error_category@std@@UBA?AVerror_condition@2@H@Z 10023f44 f i core_dynrec.obj
 0001:00022f80       ?equivalent@error_category@std@@UBA_NABVerror_code@2@H@Z 10023f80 f i core_dynrec.obj
 0001:00023000       ?equivalent@error_category@std@@UBA_NHABVerror_condition@2@@Z 10024000 f i core_dynrec.obj
 0001:00023060       ??1_Generic_error_category@std@@UAA@XZ 10024060 f i core_dynrec.obj
 0001:00023080       ??_G_Iostream_error_category@std@@UAAPAXI@Z 10024080 f i core_dynrec.obj
 0001:00023080       ??_E_Iostream_error_category@std@@UAAPAXI@Z 10024080 f i core_dynrec.obj
 0001:000230c8       ?name@_Iostream_error_category@std@@UBAPBDXZ 100240c8 f i core_dynrec.obj
 0001:000230fc       ?message@_Iostream_error_category@std@@UBA?AV?$basic_string@DU?$char_traits@D@std@@V?$allocator@D@2@@2@H@Z 100240fc f i core_dynrec.obj
 0001:0002317c       ??1_Iostream_error_category@std@@UAA@XZ 1002417c f i core_dynrec.obj
 0001:0002319c       ??_E_System_error_category@std@@UAAPAXI@Z 1002419c f i core_dynrec.obj
 0001:0002319c       ??_G_System_error_category@std@@UAAPAXI@Z 1002419c f i core_dynrec.obj
 0001:000231e4       ?name@_System_error_category@std@@UBAPBDXZ 100241e4 f i core_dynrec.obj
 0001:00023218       ?message@_System_error_category@std@@UBA?AV?$basic_string@DU?$char_traits@D@std@@V?$allocator@D@2@@2@H@Z 10024218 f i core_dynrec.obj
 0001:00023298       ?default_error_condition@_System_error_category@std@@UBA?AVerror_condition@2@H@Z 10024298 f i core_dynrec.obj
 0001:00023318       ??1_System_error_category@std@@UAA@XZ 10024318 f i core_dynrec.obj
 0001:00023338       ?Release@CodePageHandlerDynRec@@QAAXXZ 10024338 f i core_dynrec.obj
 0001:00023434       ??RLOG@@QAAXPBDNN@Z        10024434 f i core_dynrec.obj
 0001:00023468       ??0PageHandler@@QAA@XZ     10024468 f i core_dynrec.obj
 0001:000234a4       ??_ECodePageHandlerDynRec@@UAAPAXI@Z 100244a4 f i core_dynrec.obj
 0001:000234a4       ??_GCodePageHandlerDynRec@@UAAPAXI@Z 100244a4 f i core_dynrec.obj
 0001:000234ec       ?writeb@CodePageHandlerDynRec@@UAAXKI@Z 100244ec f i core_dynrec.obj
 0001:00023674       ?writew@CodePageHandlerDynRec@@UAAXKI@Z 10024674 f i core_dynrec.obj
 0001:00023800       ?writed@CodePageHandlerDynRec@@UAAXKI@Z 10024800 f i core_dynrec.obj
 0001:00023984       ?GetHostReadPt@CodePageHandlerDynRec@@UAAPAEI@Z 10024984 f i core_dynrec.obj
 0001:000239f4       ?GetHostWritePt@CodePageHandlerDynRec@@UAAPAEI@Z 100249f4 f i core_dynrec.obj
 0001:00023a38       ?writeb_checked@CodePageHandlerDynRec@@UAA_NKI@Z 10024a38 f i core_dynrec.obj
 0001:00023bfc       ?writew_checked@CodePageHandlerDynRec@@UAA_NKI@Z 10024bfc f i core_dynrec.obj
 0001:00023dc4       ?writed_checked@CodePageHandlerDynRec@@UAA_NKI@Z 10024dc4 f i core_dynrec.obj
 0001:00023f7c       ??_Gerror_category@std@@UAAPAXI@Z 10024f7c f i core_dynrec.obj
 0001:00023f7c       ??_Eerror_category@std@@UAAPAXI@Z 10024f7c f i core_dynrec.obj
 0001:00023fc4       ??0?$basic_string@DU?$char_traits@D@std@@V?$allocator@D@2@@std@@QAA@PBD@Z 10024fc4 f i core_dynrec.obj
 0001:0002403c       ??0error_condition@std@@QAA@HABVerror_category@1@@Z 1002503c f i core_dynrec.obj
 0001:0002407c       ?category@error_code@std@@QBAABVerror_category@2@XZ 1002507c f i core_dynrec.obj
 0001:000240b0       ??8error_category@std@@QBA_NABV01@@Z 100250b0 f i core_dynrec.obj
 0001:000240fc       ?value@error_code@std@@QBAHXZ 100250fc f i core_dynrec.obj
 0001:0002412c       ??8error_condition@std@@QBA_NABV01@@Z 1002512c f i core_dynrec.obj
 0001:000241c0       ??1error_category@std@@UAA@XZ 100251c0 f i core_dynrec.obj
 0001:000241e4       ?generic_category@std@@YAABVerror_category@1@XZ 100251e4 f i core_dynrec.obj
 0001:00024214       ?system_category@std@@YAABVerror_category@1@XZ 10025214 f i core_dynrec.obj
 0001:00024244       ?AddCrossBlock@CodePageHandlerDynRec@@QAAXPAVCacheBlockDynRec@@@Z 10025244 f i core_dynrec.obj
 0001:000242b4       ??_GPageHandler@@UAAPAXI@Z 100252b4 f i core_dynrec.obj
 0001:000242b4       ??_EPageHandler@@UAAPAXI@Z 100252b4 f i core_dynrec.obj
 0001:000242fc       ??1CodePageHandlerDynRec@@UAA@XZ 100252fc f i core_dynrec.obj
 0001:0002431c       ?InvalidateRange@CodePageHandlerDynRec@@QAA_NII@Z 1002531c f i core_dynrec.obj
 0001:00024494       ??0?$allocator@D@std@@QAA@XZ 10025494 f i core_dynrec.obj
 0001:000244c4       ??0?$_String_alloc@$0A@U?$_String_base_types@DV?$allocator@D@std@@@std@@@std@@QAA@ABV?$allocator@D@1@@Z 100254c4 f i core_dynrec.obj
 0001:00024520       ?_Tidy@?$basic_string@DU?$char_traits@D@std@@V?$allocator@D@2@@std@@QAAX_NI@Z 10025520 f i core_dynrec.obj
 0001:000245e0       ?assign@?$basic_string@DU?$char_traits@D@std@@V?$allocator@D@2@@std@@QAAAAV12@PBD@Z 100255e0 f i core_dynrec.obj
 0001:00024640       ??1?$_String_alloc@$0A@U?$_String_base_types@DV?$allocator@D@std@@@std@@@std@@QAA@XZ 10025640 f i core_dynrec.obj
 0001:00024668       ?category@error_condition@std@@QBAABVerror_category@2@XZ 10025668 f i core_dynrec.obj
 0001:0002469c       ?value@error_condition@std@@QBAHXZ 1002569c f i core_dynrec.obj
 0001:000246cc       ??1PageHandler@@UAA@XZ     100256cc f i core_dynrec.obj
 0001:000246f0       ??0?$_String_val@U?$_Simple_types@D@std@@@std@@QAA@XZ 100256f0 f i core_dynrec.obj
 0001:0002474c       ?_Alloc_proxy@?$_String_alloc@$0A@U?$_String_base_types@DV?$allocator@D@std@@@std@@@std@@QAAXXZ 1002574c f i core_dynrec.obj
 0001:000247d0       ??1?$_String_val@U?$_Simple_types@D@std@@@std@@QAA@XZ 100257d0 f i core_dynrec.obj
 0001:000247f8       ?_Getal@?$_String_alloc@$0A@U?$_String_base_types@DV?$allocator@D@std@@@std@@@std@@QBA?AU?$_Wrap_alloc@V?$allocator@D@std@@@2@XZ 100257f8 f i core_dynrec.obj
 0001:0002482c       ??$destroy@PAD@?$_Wrap_alloc@V?$allocator@D@std@@@std@@QAAXPAPAD@Z 1002582c f i core_dynrec.obj
 0001:0002484c       ??$addressof@D@std@@YAPADAAD@Z 1002584c f i core_dynrec.obj
 0001:0002487c       ?copy@?$char_traits@D@std@@SAPADPADPBDI@Z 1002587c f i core_dynrec.obj
 0001:000248d4       ?deallocate@?$_Wrap_alloc@V?$allocator@D@std@@@std@@QAAXPADI@Z 100258d4 f i core_dynrec.obj
 0001:000248f8       ?_Eos@?$basic_string@DU?$char_traits@D@std@@V?$allocator@D@2@@std@@QAAXI@Z 100258f8 f i core_dynrec.obj
 0001:00024954       ??$_Debug_pointer@D@std@@YAXPBDPB_WI@Z 10025954 f i core_dynrec.obj
 0001:0002498c       ?length@?$char_traits@D@std@@SAIPBD@Z 1002598c f i core_dynrec.obj
 0001:000249e4       ?assign@?$basic_string@DU?$char_traits@D@std@@V?$allocator@D@2@@std@@QAAAAV12@PBDI@Z 100259e4 f i core_dynrec.obj
 0001:00024ab4       ?_Free_proxy@?$_String_alloc@$0A@U?$_String_base_types@DV?$allocator@D@std@@@std@@@std@@QAAXXZ 10025ab4 f i core_dynrec.obj
 0001:00024b34       ??0?$allocator@U_Container_proxy@std@@@std@@QAA@XZ 10025b34 f i core_dynrec.obj
 0001:00024b64       ?allocate@?$allocator@U_Container_proxy@std@@@std@@QAAPAU_Container_proxy@2@I@Z 10025b64 f i core_dynrec.obj
 0001:00024ba0       ??0_Container_proxy@std@@QAA@XZ 10025ba0 f i core_dynrec.obj
 0001:00024be0       ??$construct@U_Container_proxy@std@@U12@@?$allocator@U_Container_proxy@std@@@std@@QAAXPAU_Container_proxy@1@$$QAU21@@Z 10025be0 f i core_dynrec.obj
 0001:00024c68       ??0?$_Wrap_alloc@V?$allocator@D@std@@@std@@QAA@XZ 10025c68 f i core_dynrec.obj
 0001:00024c9c       ??$destroy@PAD@?$allocator_traits@V?$allocator@D@std@@@std@@SAXAAV?$allocator@D@1@PAPAD@Z 10025c9c f i core_dynrec.obj
 0001:00024cbc       ?deallocate@?$allocator@D@std@@QAAXPADI@Z 10025cbc f i core_dynrec.obj
 0001:00024cdc       ?_Myptr@?$_String_val@U?$_Simple_types@D@std@@@std@@QAAPADXZ 10025cdc f i core_dynrec.obj
 0001:00024d38       ?assign@?$char_traits@D@std@@SAXAADABD@Z 10025d38 f i core_dynrec.obj
 0001:00024d5c       ?_Inside@?$basic_string@DU?$char_traits@D@std@@V?$allocator@D@2@@std@@QAA_NPBD@Z 10025d5c f i core_dynrec.obj
 0001:00024ddc       ?assign@?$basic_string@DU?$char_traits@D@std@@V?$allocator@D@2@@std@@QAAAAV12@ABV12@II@Z 10025ddc f i core_dynrec.obj
 0001:00024ec0       ?_Grow@?$basic_string@DU?$char_traits@D@std@@V?$allocator@D@2@@std@@QAA_NI_N@Z 10025ec0 f i core_dynrec.obj
 0001:00024fa0       ??$destroy@U_Container_proxy@std@@@?$allocator@U_Container_proxy@std@@@std@@QAAXPAU_Container_proxy@1@@Z 10025fa0 f i core_dynrec.obj
 0001:00024fb8       ?deallocate@?$allocator@U_Container_proxy@std@@@std@@QAAXPAU_Container_proxy@2@I@Z 10025fb8 f i core_dynrec.obj
 0001:00024fd8       ??$_Allocate@U_Container_proxy@std@@@std@@YAPAU_Container_proxy@0@IPAU10@@Z 10025fd8 f i core_dynrec.obj
 0001:00025050       ??2@YAPAXIPAX@Z            10026050 f i core_dynrec.obj
 0001:00025080       ??$forward@U_Container_proxy@std@@@std@@YA$$QAU_Container_proxy@0@AAU10@@Z 10026080 f i core_dynrec.obj
 0001:000250b0       ??3@YAXPAX0@Z              100260b0 f i core_dynrec.obj
 0001:000250c8       ??$destroy@PAD@?$allocator@D@std@@QAAXPAPAD@Z 100260c8 f i core_dynrec.obj
 0001:000250e0       ?size@?$basic_string@DU?$char_traits@D@std@@V?$allocator@D@2@@std@@QBAIXZ 100260e0 f i core_dynrec.obj
 0001:00025114       ?_Xran@?$basic_string@DU?$char_traits@D@std@@V?$allocator@D@2@@std@@QBAXXZ 10026114 f i core_dynrec.obj
 0001:00025138       ?erase@?$basic_string@DU?$char_traits@D@std@@V?$allocator@D@2@@std@@QAAAAV12@I@Z 10026138 f i core_dynrec.obj
 0001:00025188       ?erase@?$basic_string@DU?$char_traits@D@std@@V?$allocator@D@2@@std@@QAAAAV12@II@Z 10026188 f i core_dynrec.obj
 0001:0002523c       ?_Myptr@?$_String_val@U?$_Simple_types@D@std@@@std@@QBAPBDXZ 1002623c f i core_dynrec.obj
 0001:00025298       ?max_size@?$basic_string@DU?$char_traits@D@std@@V?$allocator@D@2@@std@@QBAIXZ 10026298 f i core_dynrec.obj
 0001:000252fc       ?_Xlen@?$basic_string@DU?$char_traits@D@std@@V?$allocator@D@2@@std@@QBAXXZ 100262fc f i core_dynrec.obj
 0001:00025320       ?_Copy@?$basic_string@DU?$char_traits@D@std@@V?$allocator@D@2@@std@@QAAXII@Z 10026320 f i core_dynrec.obj
 0001:000254f4       ?move@?$char_traits@D@std@@SAPADPADPBDI@Z 100264f4 f i core_dynrec.obj
 0001:00025554       ?max_size@?$_Wrap_alloc@V?$allocator@D@std@@@std@@QBAIXZ 10026554 f i core_dynrec.obj
 0001:0002558c       ?allocate@?$_Wrap_alloc@V?$allocator@D@std@@@std@@QAAPADI@Z 1002658c f i core_dynrec.obj
 0001:000255c8       ??$construct@PADAAPAD@?$_Wrap_alloc@V?$allocator@D@std@@@std@@QAAXPAPADAAPAD@Z 100265c8 f i core_dynrec.obj
 0001:00025604       ?max_size@?$allocator_traits@V?$allocator@D@std@@@std@@SAIABV?$allocator@D@2@@Z 10026604 f i core_dynrec.obj
 0001:0002563c       ?allocate@?$allocator@D@std@@QAAPADI@Z 1002663c f i core_dynrec.obj
 0001:00025678       ??$forward@AAPAD@std@@YAAAPADAAPAD@Z 10026678 f i core_dynrec.obj
 0001:000256a8       ??$construct@PADAAPAD@?$allocator_traits@V?$allocator@D@std@@@std@@SAXAAV?$allocator@D@1@PAPADAAPAD@Z 100266a8 f i core_dynrec.obj
 0001:000256e4       ?max_size@?$allocator@D@std@@QBAIXZ 100266e4 f i core_dynrec.obj
 0001:00025714       ??$_Allocate@D@std@@YAPADIPAD@Z 10026714 f i core_dynrec.obj
 0001:00025784       ??$construct@PADAAPAD@?$allocator@D@std@@QAAXPAPADAAPAD@Z 10026784 f i core_dynrec.obj
 0001:00025808       ?CPU_Core_Full_Run@@YAHXZ  10026808 f   core_full.obj
 0001:0002d50c       ?CPU_Core_Full_Init@@YAXXZ 1002e50c f   core_full.obj
 0001:00030304       ?CPU_Core_Normal_Run@@YAHXZ 10031304 f   core_normal.obj
 0001:0005ae20       ?CPU_Core_Normal_Trap_Run@@YAHXZ 1005be20 f   core_normal.obj
 0001:0005ae90       ?CPU_Core_Normal_Init@@YAXXZ 1005be90 f   core_normal.obj
 0001:000670a0       ??0Descriptor@@QAA@XZ      100680a0 f i core_normal.obj
 0001:000670e0       ?GetDescriptor@GDTDescriptorTable@@QAA_NIAAVDescriptor@@@Z 100680e0 f i core_normal.obj
 0001:0006718c       ?Type@Descriptor@@QAAIXZ   1006818c f i core_normal.obj
 0001:00067d34       ?CPU_Core_Prefetch_Run@@YAHXZ 10068d34 f   core_prefetch.obj
 0001:0009293c       ?CPU_Core_Prefetch_Trap_Run@@YAHXZ 1009393c f   core_prefetch.obj
 0001:000929ac       ?CPU_Core_Prefetch_Init@@YAXXZ 100939ac f   core_prefetch.obj
 0001:0009fd44       ?CPU_Core_Simple_Run@@YAHXZ 100a0d44 f   core_simple.obj
 0001:000ca878       ?CPU_Core_Simple_Trap_Run@@YAHXZ 100cb878 f   core_simple.obj
 0001:000ca8e8       ?CPU_Core_Simple_Init@@YAXXZ 100cb8e8 f   core_simple.obj
 0001:000d6afc       ?Load@Descriptor@@QAAXK@Z  100d7afc f   cpu.obj
 0001:000d6b54       ?Save@Descriptor@@QAAXK@Z  100d7b54 f   cpu.obj
 0001:000d6ba0       ?CPU_Push16@@YAXI@Z        100d7ba0 f   cpu.obj
 0001:000d6c0c       ?CPU_Push32@@YAXI@Z        100d7c0c f   cpu.obj
 0001:000d6c78       ?CPU_Pop16@@YAIXZ          100d7c78 f   cpu.obj
 0001:000d6cf0       ?CPU_Pop32@@YAIXZ          100d7cf0 f   cpu.obj
 0001:000d6d64       ?SelBase@@YAKI@Z           100d7d64 f   cpu.obj
 0001:000d6ddc       ?CPU_SetFlags@@YAXII@Z     100d7ddc f   cpu.obj
 0001:000d6e34       ?CPU_PrepareException@@YA_NII@Z 100d7e34 f   cpu.obj
 0001:000d6e6c       ?CPU_CLI@@YA_NXZ           100d7e6c f   cpu.obj
 0001:000d6f08       ?CPU_STI@@YA_NXZ           100d7f08 f   cpu.obj
 0001:000d6fa0       ?CPU_POPF@@YA_NI@Z         100d7fa0 f   cpu.obj
 0001:000d7080       ?CPU_PUSHF@@YA_NI@Z        100d8080 f   cpu.obj
 0001:000d710c       ?CPU_CheckSegments@@YAXXZ  100d810c f   cpu.obj
 0001:000d7328       ?CPU_SwitchTask@@YA_NIW4TSwitchType@@I@Z 100d8328 f   cpu.obj
 0001:000d79cc       ?CPU_IO_Exception@@YA_NII@Z 100d89cc f   cpu.obj
 0001:000d7ad0       ?CPU_Exception@@YAXII@Z    100d8ad0 f   cpu.obj
 0001:000d7b34       ?CPU_Interrupt@@YAXIII@Z   100d8b34 f   cpu.obj
 0001:000d8198       ?CPU_IRET@@YAX_NI@Z        100d9198 f   cpu.obj
 0001:000d8adc       ?CPU_JMP@@YAX_NIII@Z       100d9adc f   cpu.obj
 0001:000d8c78       ?CPU_CALL@@YAX_NIII@Z      100d9c78 f   cpu.obj
 0001:000d9330       ?CPU_RET@@YAX_NII@Z        100da330 f   cpu.obj
 0001:000d97d4       ?CPU_SLDT@@YAIXZ           100da7d4 f   cpu.obj
 0001:000d9804       ?CPU_LLDT@@YA_NI@Z         100da804 f   cpu.obj
 0001:000d9850       ?CPU_STR@@YAIXZ            100da850 f   cpu.obj
 0001:000d9874       ?CPU_LTR@@YA_NI@Z          100da874 f   cpu.obj
 0001:000d99a4       ?CPU_LGDT@@YAXII@Z         100da9a4 f   cpu.obj
 0001:000d99d4       ?CPU_LIDT@@YAXII@Z         100da9d4 f   cpu.obj
 0001:000d9a04       ?CPU_SGDT_base@@YAIXZ      100daa04 f   cpu.obj
 0001:000d9a34       ?CPU_SGDT_limit@@YAIXZ     100daa34 f   cpu.obj
 0001:000d9a64       ?CPU_SIDT_base@@YAIXZ      100daa64 f   cpu.obj
 0001:000d9a94       ?CPU_SIDT_limit@@YAIXZ     100daa94 f   cpu.obj
 0001:000d9ac4       ?CPU_SET_CRX@@YAXII@Z      100daac4 f   cpu.obj
 0001:000d9c2c       ?CPU_WRITE_CRX@@YA_NII@Z   100dac2c f   cpu.obj
 0001:000d9cd0       ?CPU_GET_CRX@@YAII@Z       100dacd0 f   cpu.obj
 0001:000d9d70       ?CPU_READ_CRX@@YA_NIAAK@Z  100dad70 f   cpu.obj
 0001:000d9df8       ?CPU_WRITE_DRX@@YA_NII@Z   100dadf8 f   cpu.obj
 0001:000d9ec8       ?CPU_READ_DRX@@YA_NIAAK@Z  100daec8 f   cpu.obj
 0001:000d9f78       ?CPU_WRITE_TRX@@YA_NII@Z   100daf78 f   cpu.obj
 0001:000da008       ?CPU_READ_TRX@@YA_NIAAK@Z  100db008 f   cpu.obj
 0001:000da09c       ?CPU_SMSW@@YAIXZ           100db09c f   cpu.obj
 0001:000da0c0       ?CPU_LMSW@@YA_NI@Z         100db0c0 f   cpu.obj
 0001:000da144       ?CPU_ARPL@@YAXAAII@Z       100db144 f   cpu.obj
 0001:000da1c0       ?CPU_LAR@@YAXIAAI@Z        100db1c0 f   cpu.obj
 0001:000da37c       ?CPU_LSL@@YAXIAAI@Z        100db37c f   cpu.obj
 0001:000da518       ?CPU_VERR@@YAXI@Z          100db518 f   cpu.obj
 0001:000da688       ?CPU_VERW@@YAXI@Z          100db688 f   cpu.obj
 0001:000da7e0       ?CPU_SetSegGeneral@@YA_NW4SegNames@@I@Z 100db7e0 f   cpu.obj
 0001:000dab70       ?CPU_PopSeg@@YA_NW4SegNames@@_N@Z 100dbb70 f   cpu.obj
 0001:000dac24       ?CPU_CPUID@@YA_NXZ         100dbc24 f   cpu.obj
 0001:000dad34       ?CPU_HLT@@YAXI@Z           100dbd34 f   cpu.obj
 0001:000dad98       ?CPU_ENTER@@YAX_NII@Z      100dbd98 f   cpu.obj
 0001:000daf54       ?CPU_Enable_SkipAutoAdjust@@YAXXZ 100dbf54 f   cpu.obj
 0001:000daf98       ?CPU_Disable_SkipAutoAdjust@@YAXXZ 100dbf98 f   cpu.obj
 0001:000dafb0       ?CPU_Reset_AutoAdjust@@YAXXZ 100dbfb0 f   cpu.obj
 0001:000dafcc       ?CPU_ShutDown@@YAXPAVSection@@@Z 100dbfcc f   cpu.obj
 0001:000db020       ?CPU_Init@@YAXPAVSection@@@Z 100dc020 f   cpu.obj
 0001:000dc688       ?GetBase@Descriptor@@QAAKXZ 100dd688 f i cpu.obj
 0001:000dc6e0       ?DPL@Descriptor@@QAAIXZ    100dd6e0 f i cpu.obj
 0001:000dc718       ??0TaskStateSegment@@QAA@XZ 100dd718 f i cpu.obj
 0001:000dc75c       ?SetSelector@TaskStateSegment@@QAA_NI@Z 100dd75c f i cpu.obj
 0001:000dc8f4       ?IsBusy@TSS_Descriptor@@QAAIXZ 100dd8f4 f i cpu.obj
 0001:000dc930       ?SetBusy@TSS_Descriptor@@QAAX_N@Z 100dd930 f i cpu.obj
 0001:000dc9a4       ?SaveSelector@TaskStateSegment@@QAAXXZ 100dd9a4 f i cpu.obj
 0001:000dc9d8       ?Big@Descriptor@@QAAIXZ    100dd9d8 f i cpu.obj
 0001:000dca10       ?GetBase@DescriptorTable@@QAAKXZ 100dda10 f i cpu.obj
 0001:000dca40       ?GetDescriptor@DescriptorTable@@QAA_NIAAVDescriptor@@@Z 100dda40 f i cpu.obj
 0001:000dcaa8       ?GetSelector@Descriptor@@QAAIXZ 100ddaa8 f i cpu.obj
 0001:000dcadc       ?GetOffset@Descriptor@@QAAIXZ 100ddadc f i cpu.obj
 0001:000dcb20       ?Get_SSx_ESPx@TaskStateSegment@@QAAXIAAI0@Z 100ddb20 f i cpu.obj
 0001:000dcbfc       ?IsValid@TaskStateSegment@@QAA_NXZ 100ddbfc f i cpu.obj
 0001:000dcc34       ?Get_back@TaskStateSegment@@QAAIXZ 100ddc34 f i cpu.obj
 0001:000dcc98       ?SLDT@GDTDescriptorTable@@QAAIXZ 100ddc98 f i cpu.obj
 0001:000dcccc       ?LLDT@GDTDescriptorTable@@QAA_NI@Z 100ddccc f i cpu.obj
 0001:000dce78       ??0TSS_Descriptor@@QAA@XZ  100dde78 f i cpu.obj
 0001:000dceac       ?SetLimit@DescriptorTable@@QAAXI@Z 100ddeac f i cpu.obj
 0001:000dcecc       ?SetBase@DescriptorTable@@QAAXK@Z 100ddecc f i cpu.obj
 0001:000dceec       ?GetLimit@DescriptorTable@@QAAIXZ 100ddeec f i cpu.obj
 0001:000dcf20       ?GetLimit@Descriptor@@QAAIXZ 100ddf20 f i cpu.obj
 0001:000dcf8c       ??0CPU@@QAA@PAVSection@@@Z 100ddf8c f i cpu.obj
 0001:000dd23c       ?Is386@TSS_Descriptor@@QAAIXZ 100de23c f i cpu.obj
 0001:000dd278       ?SetDescriptor@GDTDescriptorTable@@QAA_NIAAVDescriptor@@@Z 100de278 f i cpu.obj
 0001:000dd324       ??0Module_base@@QAA@PAVSection@@@Z 100de324 f i cpu.obj
 0001:000dd36c       ??_ECPU@@UAAPAXI@Z         100de36c f i cpu.obj
 0001:000dd36c       ??_GCPU@@UAAPAXI@Z         100de36c f i cpu.obj
 0001:000dd3b4       ?Change_Config@CPU@@UAA_NPAVSection@@@Z 100de3b4 f i cpu.obj
 0001:000de154       ??1Module_base@@UAA@XZ     100df154 f i cpu.obj
 0001:000de178       ??_EModule_base@@UAAPAXI@Z 100df178 f i cpu.obj
 0001:000de178       ??_GModule_base@@UAAPAXI@Z 100df178 f i cpu.obj
 0001:000de1c0       ?Change_Config@Module_base@@UAA_NPAVSection@@@Z 100df1c0 f i cpu.obj
 0001:000de1f4       ??1CPU@@UAA@XZ             100df1f4 f i cpu.obj
 0001:000de224       ??1?$basic_string@DU?$char_traits@D@std@@V?$allocator@D@2@@std@@QAA@XZ 100df224 f i cpu.obj
 0001:000de250       ?GetSection@Prop_multival@@QAAPAVSection_prop@@XZ 100df250 f i cpu.obj
 0001:000de284       ??0?$basic_string@DU?$char_traits@D@std@@V?$allocator@D@2@@std@@QAA@XZ 100df284 f i cpu.obj
 0001:000de2f4       ??$?8DU?$char_traits@D@std@@V?$allocator@D@1@@std@@YA_NABV?$basic_string@DU?$char_traits@D@std@@V?$allocator@D@2@@0@PBD@Z 100df2f4 f i cpu.obj
 0001:000de350       ?find@?$basic_string@DU?$char_traits@D@std@@V?$allocator@D@2@@std@@QBAIDI@Z 100df350 f i cpu.obj
 0001:000de390       ?length@?$basic_string@DU?$char_traits@D@std@@V?$allocator@D@2@@std@@QBAIXZ 100df390 f i cpu.obj
 0001:000de3c4       ??0?$basic_istringstream@DU?$char_traits@D@std@@V?$allocator@D@2@@std@@QAA@ABV?$basic_string@DU?$char_traits@D@std@@V?$allocator@D@2@@1@H@Z 100df3c4 f i cpu.obj
 0001:000de4f8       ??_D?$basic_istringstream@DU?$char_traits@D@std@@V?$allocator@D@2@@std@@QAAXXZ 100df4f8 f i cpu.obj
 0001:000de530       ??1CommandLine@@QAA@XZ     100df530 f i cpu.obj
 0001:000de55c       ?compare@?$basic_string@DU?$char_traits@D@std@@V?$allocator@D@2@@std@@QBAHPBD@Z 100df55c f i cpu.obj
 0001:000de5cc       ?find@?$basic_string@DU?$char_traits@D@std@@V?$allocator@D@2@@std@@QBAIPBDII@Z 100df5cc f i cpu.obj
 0001:000de6f0       ??_E?$basic_istringstream@DU?$char_traits@D@std@@V?$allocator@D@2@@std@@$4PPPPPPPM@A@AAPAXI@Z 100df6f0 f i cpu.obj
 0001:000de70c       ?_Add_vtordisp1@?$basic_istream@DU?$char_traits@D@std@@@std@@$4PPPPPPPM@EI@AAXXZ 100df70c f i cpu.obj
 0001:000de72c       ??0?$basic_stringbuf@DU?$char_traits@D@std@@V?$allocator@D@2@@std@@QAA@ABV?$basic_string@DU?$char_traits@D@std@@V?$allocator@D@2@@1@H@Z 100df72c f i cpu.obj
 0001:000de7dc       ??1?$basic_istringstream@DU?$char_traits@D@std@@V?$allocator@D@2@@std@@UAA@XZ 100df7dc f i cpu.obj
 0001:000de870       ??1?$list@V?$basic_string@DU?$char_traits@D@std@@V?$allocator@D@2@@std@@V?$allocator@V?$basic_string@DU?$char_traits@D@std@@V?$allocator@D@2@@std@@@2@@std@@QAA@XZ 100df870 f i cpu.obj
 0001:000de898       ?compare@?$basic_string@DU?$char_traits@D@std@@V?$allocator@D@2@@std@@QBAHIIPBDI@Z 100df898 f i cpu.obj
 0001:000de99c       ?find@?$char_traits@D@std@@SAPBDPBDIABD@Z 100df99c f i cpu.obj
 0001:000dea00       ?compare@?$char_traits@D@std@@SAHPBD0I@Z 100dfa00 f i cpu.obj
 0001:000dea58       ??_G?$basic_istringstream@DU?$char_traits@D@std@@V?$allocator@D@2@@std@@UAAPAXI@Z 100dfa58 f i cpu.obj
 0001:000dea58       ??_E?$basic_istringstream@DU?$char_traits@D@std@@V?$allocator@D@2@@std@@UAAPAXI@Z 100dfa58 f i cpu.obj
 0001:000deaac       ??_G?$basic_stringbuf@DU?$char_traits@D@std@@V?$allocator@D@2@@std@@UAAPAXI@Z 100dfaac f i cpu.obj
 0001:000deaac       ??_E?$basic_stringbuf@DU?$char_traits@D@std@@V?$allocator@D@2@@std@@UAAPAXI@Z 100dfaac f i cpu.obj
 0001:000deaf4       ?overflow@?$basic_stringbuf@DU?$char_traits@D@std@@V?$allocator@D@2@@std@@MAAHH@Z 100dfaf4 f i cpu.obj
 0001:000deee4       ?pbackfail@?$basic_stringbuf@DU?$char_traits@D@std@@V?$allocator@D@2@@std@@MAAHH@Z 100dfee4 f i cpu.obj
 0001:000df048       ?underflow@?$basic_stringbuf@DU?$char_traits@D@std@@V?$allocator@D@2@@std@@MAAHXZ 100e0048 f i cpu.obj
 0001:000df1ec       ?seekoff@?$basic_stringbuf@DU?$char_traits@D@std@@V?$allocator@D@2@@std@@MAA?AV?$fpos@H@2@_JHH@Z 100e01ec f i cpu.obj
 0001:000df60c       ?seekpos@?$basic_stringbuf@DU?$char_traits@D@std@@V?$allocator@D@2@@std@@MAA?AV?$fpos@H@2@V32@H@Z 100e060c f i cpu.obj
 0001:000df914       ?_Getstate@?$basic_stringbuf@DU?$char_traits@D@std@@V?$allocator@D@2@@std@@AAAHH@Z 100e0914 f i cpu.obj
 0001:000df998       ?c_str@?$basic_string@DU?$char_traits@D@std@@V?$allocator@D@2@@std@@QBAPBDXZ 100e0998 f i cpu.obj
 0001:000df9d0       ?_Init@?$basic_stringbuf@DU?$char_traits@D@std@@V?$allocator@D@2@@std@@IAAXPBDIH@Z 100e09d0 f i cpu.obj
 0001:000dfb18       ??1?$basic_stringbuf@DU?$char_traits@D@std@@V?$allocator@D@2@@std@@UAA@XZ 100e0b18 f i cpu.obj
 0001:000dfb54       ?_Tidy@?$list@V?$basic_string@DU?$char_traits@D@std@@V?$allocator@D@2@@std@@V?$allocator@V?$basic_string@DU?$char_traits@D@std@@V?$allocator@D@2@@std@@@2@@std@@QAAXXZ 100e0b54 f i cpu.obj
 0001:000dfb74       ??1?$_List_buy@V?$basic_string@DU?$char_traits@D@std@@V?$allocator@D@2@@std@@V?$allocator@V?$basic_string@DU?$char_traits@D@std@@V?$allocator@D@2@@std@@@2@@std@@QAA@XZ 100e0b74 f i cpu.obj
 0001:000dfb94       ?eof@?$char_traits@D@std@@SAHXZ 100e0b94 f i cpu.obj
 0001:000dfbbc       ?eq_int_type@?$char_traits@D@std@@SA_NABH0@Z 100e0bbc f i cpu.obj
 0001:000dfc0c       ?not_eof@?$char_traits@D@std@@SAHABH@Z 100e0c0c f i cpu.obj
 0001:000dfc7c       ?to_char_type@?$char_traits@D@std@@SADABH@Z 100e0c7c f i cpu.obj
 0001:000dfcb4       ?eq@?$char_traits@D@std@@SA_NABD0@Z 100e0cb4 f i cpu.obj
 0001:000dfd0c       ?to_int_type@?$char_traits@D@std@@SAHABD@Z 100e0d0c f i cpu.obj
 0001:000dfd40       ??0?$fpos@H@std@@QAA@_J@Z  100e0d40 f i cpu.obj
 0001:000dfdac       ??B?$fpos@H@std@@QBA_JXZ   100e0dac f i cpu.obj
 0001:000dfe08       ?_Tidy@?$basic_stringbuf@DU?$char_traits@D@std@@V?$allocator@D@2@@std@@IAAXXZ 100e0e08 f i cpu.obj
 0001:000dff0c       ?clear@?$list@V?$basic_string@DU?$char_traits@D@std@@V?$allocator@D@2@@std@@V?$allocator@V?$basic_string@DU?$char_traits@D@std@@V?$allocator@D@2@@std@@@2@@std@@QAAXXZ 100e0f0c f i cpu.obj
 0001:000dffd4       ??1?$_List_alloc@$0A@U?$_List_base_types@V?$basic_string@DU?$char_traits@D@std@@V?$allocator@D@2@@std@@V?$allocator@V?$basic_string@DU?$char_traits@D@std@@V?$allocator@D@2@@std@@@2@@std@@@std@@QAA@XZ 100e0fd4 f i cpu.obj
 0001:000e0008       ?_Nextnode@?$_List_val@U?$_List_simple_types@V?$basic_string@DU?$char_traits@D@std@@V?$allocator@D@2@@std@@@std@@@std@@SAAAPAU?$_List_node@V?$basic_string@DU?$char_traits@D@std@@V?$allocator@D@2@@std@@PAX@2@PAU32@@Z 100e1008 f i cpu.obj
 0001:000e0038       ?_Prevnode@?$_List_val@U?$_List_simple_types@V?$basic_string@DU?$char_traits@D@std@@V?$allocator@D@2@@std@@@std@@@std@@SAAAPAU?$_List_node@V?$basic_string@DU?$char_traits@D@std@@V?$allocator@D@2@@std@@PAX@2@PAU32@@Z 100e1038 f i cpu.obj
 0001:000e0068       ?_Freenode@?$_List_buy@V?$basic_string@DU?$char_traits@D@std@@V?$allocator@D@2@@std@@V?$allocator@V?$basic_string@DU?$char_traits@D@std@@V?$allocator@D@2@@std@@@2@@std@@QAAXPAU?$_List_node@V?$basic_string@DU?$char_traits@D@std@@V?$allocator@D@2@@std@@PAX@2@@Z 100e1068 f i cpu.obj
 0001:000e0134       ?_Freeheadnode@?$_List_alloc@$0A@U?$_List_base_types@V?$basic_string@DU?$char_traits@D@std@@V?$allocator@D@2@@std@@V?$allocator@V?$basic_string@DU?$char_traits@D@std@@V?$allocator@D@2@@std@@@2@@std@@@std@@QAAXPAU?$_List_node@V?$basic_string@DU?$char_traits@D@std@@V?$allocator@D@2@@std@@PAX@2@@Z 100e1134 f i cpu.obj
 0001:000e01d4       ?_Free_proxy@?$_List_alloc@$0A@U?$_List_base_types@V?$basic_string@DU?$char_traits@D@std@@V?$allocator@D@2@@std@@V?$allocator@V?$basic_string@DU?$char_traits@D@std@@V?$allocator@D@2@@std@@@2@@std@@@std@@QAAXXZ 100e11d4 f i cpu.obj
 0001:000e0254       ??1?$_List_val@U?$_List_simple_types@V?$basic_string@DU?$char_traits@D@std@@V?$allocator@D@2@@std@@@std@@@std@@QAA@XZ 100e1254 f i cpu.obj
 0001:000e027c       ??$addressof@PAU?$_List_node@V?$basic_string@DU?$char_traits@D@std@@V?$allocator@D@2@@std@@PAX@std@@@std@@YAPAPAU?$_List_node@V?$basic_string@DU?$char_traits@D@std@@V?$allocator@D@2@@std@@PAX@0@AAPAU10@@Z 100e127c f i cpu.obj
 0001:000e02ac       ?_Getal@?$_List_alloc@$0A@U?$_List_base_types@V?$basic_string@DU?$char_traits@D@std@@V?$allocator@D@2@@std@@V?$allocator@V?$basic_string@DU?$char_traits@D@std@@V?$allocator@D@2@@std@@@2@@std@@@std@@QBA?AU?$_Wrap_alloc@V?$allocator@U?$_List_node@V?$basic_string@DU?$char_traits@D@std@@V?$allocator@D@2@@std@@PAX@std@@@std@@@2@XZ 100e12ac f i cpu.obj
 0001:000e02e0       ??$destroy@PAU?$_List_node@V?$basic_string@DU?$char_traits@D@std@@V?$allocator@D@2@@std@@PAX@std@@@?$_Wrap_alloc@V?$allocator@U?$_List_node@V?$basic_string@DU?$char_traits@D@std@@V?$allocator@D@2@@std@@PAX@std@@@std@@@std@@QAAXPAPAU?$_List_node@V?$basic_string@DU?$char_traits@D@std@@V?$allocator@D@2@@std@@PAX@1@@Z 100e12e0 f i cpu.obj
 0001:000e0300       ?_Myval@?$_List_val@U?$_List_simple_types@V?$basic_string@DU?$char_traits@D@std@@V?$allocator@D@2@@std@@@std@@@std@@SAAAV?$basic_string@DU?$char_traits@D@std@@V?$allocator@D@2@@2@PAU?$_List_node@V?$basic_string@DU?$char_traits@D@std@@V?$allocator@D@2@@std@@PAX@2@@Z 100e1300 f i cpu.obj
 0001:000e0330       ??$addressof@V?$basic_string@DU?$char_traits@D@std@@V?$allocator@D@2@@std@@@std@@YAPAV?$basic_string@DU?$char_traits@D@std@@V?$allocator@D@2@@0@AAV10@@Z 100e1330 f i cpu.obj
 0001:000e0360       ??$destroy@V?$basic_string@DU?$char_traits@D@std@@V?$allocator@D@2@@std@@@?$_Wrap_alloc@V?$allocator@U?$_List_node@V?$basic_string@DU?$char_traits@D@std@@V?$allocator@D@2@@std@@PAX@std@@@std@@@std@@QAAXPAV?$basic_string@DU?$char_traits@D@std@@V?$allocator@D@2@@1@@Z 100e1360 f i cpu.obj
 0001:000e0380       ?deallocate@?$_Wrap_alloc@V?$allocator@U?$_List_node@V?$basic_string@DU?$char_traits@D@std@@V?$allocator@D@2@@std@@PAX@std@@@std@@@std@@QAAXPAU?$_List_node@V?$basic_string@DU?$char_traits@D@std@@V?$allocator@D@2@@std@@PAX@2@I@Z 100e1380 f i cpu.obj
 0001:000e03a4       ??0?$_Wrap_alloc@V?$allocator@U_Container_proxy@std@@@std@@@std@@QAA@XZ 100e13a4 f i cpu.obj
 0001:000e03d8       ??$destroy@U_Container_proxy@std@@@?$_Wrap_alloc@V?$allocator@U_Container_proxy@std@@@std@@@std@@QAAXPAU_Container_proxy@1@@Z 100e13d8 f i cpu.obj
 0001:000e03f8       ?deallocate@?$_Wrap_alloc@V?$allocator@U_Container_proxy@std@@@std@@@std@@QAAXPAU_Container_proxy@2@I@Z 100e13f8 f i cpu.obj
 0001:000e041c       ??0?$_Wrap_alloc@V?$allocator@U?$_List_node@V?$basic_string@DU?$char_traits@D@std@@V?$allocator@D@2@@std@@PAX@std@@@std@@@std@@QAA@XZ 100e141c f i cpu.obj
 0001:000e0450       ??$destroy@PAU?$_List_node@V?$basic_string@DU?$char_traits@D@std@@V?$allocator@D@2@@std@@PAX@std@@@?$allocator_traits@V?$allocator@U?$_List_node@V?$basic_string@DU?$char_traits@D@std@@V?$allocator@D@2@@std@@PAX@std@@@std@@@std@@SAXAAV?$allocator@U?$_List_node@V?$basic_string@DU?$char_traits@D@std@@V?$allocator@D@2@@std@@PAX@std@@@1@PAPAU?$_List_node@V?$basic_string@DU?$char_traits@D@std@@V?$allocator@D@2@@std@@PAX@1@@Z 100e1450 f i cpu.obj
 0001:000e0470       ??$destroy@V?$basic_string@DU?$char_traits@D@std@@V?$allocator@D@2@@std@@@?$allocator_traits@V?$allocator@U?$_List_node@V?$basic_string@DU?$char_traits@D@std@@V?$allocator@D@2@@std@@PAX@std@@@std@@@std@@SAXAAV?$allocator@U?$_List_node@V?$basic_string@DU?$char_traits@D@std@@V?$allocator@D@2@@std@@PAX@std@@@1@PAV?$basic_string@DU?$char_traits@D@std@@V?$allocator@D@2@@1@@Z 100e1470 f i cpu.obj
 0001:000e0490       ?deallocate@?$allocator@U?$_List_node@V?$basic_string@DU?$char_traits@D@std@@V?$allocator@D@2@@std@@PAX@std@@@std@@QAAXPAU?$_List_node@V?$basic_string@DU?$char_traits@D@std@@V?$allocator@D@2@@std@@PAX@2@I@Z 100e1490 f i cpu.obj
 0001:000e04b0       ??$destroy@U_Container_proxy@std@@@?$allocator_traits@V?$allocator@U_Container_proxy@std@@@std@@@std@@SAXAAV?$allocator@U_Container_proxy@std@@@1@PAU_Container_proxy@1@@Z 100e14b0 f i cpu.obj
 0001:000e04d0       ??0?$allocator@U?$_List_node@V?$basic_string@DU?$char_traits@D@std@@V?$allocator@D@2@@std@@PAX@std@@@std@@QAA@XZ 100e14d0 f i cpu.obj
 0001:000e0500       ??$destroy@PAU?$_List_node@V?$basic_string@DU?$char_traits@D@std@@V?$allocator@D@2@@std@@PAX@std@@@?$allocator@U?$_List_node@V?$basic_string@DU?$char_traits@D@std@@V?$allocator@D@2@@std@@PAX@std@@@std@@QAAXPAPAU?$_List_node@V?$basic_string@DU?$char_traits@D@std@@V?$allocator@D@2@@std@@PAX@1@@Z 100e1500 f i cpu.obj
 0001:000e0518       ??$destroy@V?$basic_string@DU?$char_traits@D@std@@V?$allocator@D@2@@std@@@?$allocator@U?$_List_node@V?$basic_string@DU?$char_traits@D@std@@V?$allocator@D@2@@std@@PAX@std@@@std@@QAAXPAV?$basic_string@DU?$char_traits@D@std@@V?$allocator@D@2@@1@@Z 100e1518 f i cpu.obj
 0001:000e0538       ??_G?$basic_string@DU?$char_traits@D@std@@V?$allocator@D@2@@std@@QAAPAXI@Z 100e1538 f i cpu.obj
 0001:000e0580       ?GetPlatformConfigDir@Cross@@SAXAAV?$basic_string@DU?$char_traits@D@std@@V?$allocator@D@2@@std@@@Z 100e1580 f   cross.obj
 0001:000e05b0       ?GetPlatformConfigName@Cross@@SAXAAV?$basic_string@DU?$char_traits@D@std@@V?$allocator@D@2@@std@@@Z 100e15b0 f   cross.obj
 0001:000e05d0       ?CreatePlatformConfigDir@Cross@@SAXAAV?$basic_string@DU?$char_traits@D@std@@V?$allocator@D@2@@std@@@Z 100e15d0 f   cross.obj
 0001:000e0620       ?ResolveHomedir@Cross@@SAXAAV?$basic_string@DU?$char_traits@D@std@@V?$allocator@D@2@@std@@@Z 100e1620 f   cross.obj
 0001:000e06e8       ?CreateDir@Cross@@SAXABV?$basic_string@DU?$char_traits@D@std@@V?$allocator@D@2@@std@@@Z 100e16e8 f   cross.obj
 0001:000e071c       ?open_directory@@YAPAUdir_struct@@PBD@Z 100e171c f   cross.obj
 0001:000e07ec       ?read_directory_first@@YA_NPAUdir_struct@@PADAA_N@Z 100e17ec f   cross.obj
 0001:000e0884       ?read_directory_next@@YA_NPAUdir_struct@@PADAA_N@Z 100e1884 f   cross.obj
 0001:000e091c       ?close_directory@@YAXPAUdir_struct@@@Z 100e191c f   cross.obj
 0001:000e0bf4       ??Y?$basic_string@DU?$char_traits@D@std@@V?$allocator@D@2@@std@@QAAAAV01@PBD@Z 100e1bf4 f i cross.obj
 0001:000e0c30       ??Y?$basic_string@DU?$char_traits@D@std@@V?$allocator@D@2@@std@@QAAAAV01@D@Z 100e1c30 f i cross.obj
 0001:000e0c70       ??4?$basic_string@DU?$char_traits@D@std@@V?$allocator@D@2@@std@@QAAAAV01@PBD@Z 100e1c70 f i cross.obj
 0001:000e0cac       ??A?$basic_string@DU?$char_traits@D@std@@V?$allocator@D@2@@std@@QAAAADI@Z 100e1cac f i cross.obj
 0001:000e0d20       ?replace@?$basic_string@DU?$char_traits@D@std@@V?$allocator@D@2@@std@@QAAAAV12@IIABV12@@Z 100e1d20 f i cross.obj
 0001:000e0d78       ?append@?$basic_string@DU?$char_traits@D@std@@V?$allocator@D@2@@std@@QAAAAV12@PBD@Z 100e1d78 f i cross.obj
 0001:000e0dd8       ?append@?$basic_string@DU?$char_traits@D@std@@V?$allocator@D@2@@std@@QAAAAV12@ID@Z 100e1dd8 f i cross.obj
 0001:000e0e84       ?replace@?$basic_string@DU?$char_traits@D@std@@V?$allocator@D@2@@std@@QAAAAV12@IIABV12@II@Z 100e1e84 f i cross.obj
 0001:000e11f4       ?append@?$basic_string@DU?$char_traits@D@std@@V?$allocator@D@2@@std@@QAAAAV12@PBDI@Z 100e21f4 f i cross.obj
 0001:000e1308       ?_Chassign@?$basic_string@DU?$char_traits@D@std@@V?$allocator@D@2@@std@@QAAXIID@Z 100e2308 f i cross.obj
 0001:000e1370       ?append@?$basic_string@DU?$char_traits@D@std@@V?$allocator@D@2@@std@@QAAAAV12@ABV12@II@Z 100e2370 f i cross.obj
 0001:000e1474       ?assign@?$char_traits@D@std@@SAPADPADID@Z 100e2474 f i cross.obj
 0001:000e14b4       DllMain                    100e24b4 f   dllmain.obj
 0001:000e14e4       ?GFX_SetTitle@@YAXJH_N@Z   100e24e4 f   dosbox_emu.obj
 0001:000e14f8       ?MAPPER_AddHandler@@YAXP6AX_N@ZW4MapKeys@@IQBD3@Z 100e24f8 f   dosbox_emu.obj
 0001:000e150c       ?GetFSBase@@YAKXZ          100e250c f   dosbox_emu.obj
 0001:000e1530       ?DOSBOX_SetNormalLoop@@YAXXZ 100e2530 f   dosbox_emu.obj
 0001:000e154c       ?GFX_ShowMsg@@YAXPBDZZ     100e254c f   dosbox_emu.obj
 0001:000e1580       ?IO_WriteB@@YAXII@Z        100e2580 f   dosbox_emu.obj
 0001:000e15a8       ?IO_WriteW@@YAXII@Z        100e25a8 f   dosbox_emu.obj
 0001:000e15d0       ?IO_WriteD@@YAXII@Z        100e25d0 f   dosbox_emu.obj
 0001:000e15f8       ?IO_ReadB@@YAII@Z          100e25f8 f   dosbox_emu.obj
 0001:000e1630       ?IO_ReadW@@YAII@Z          100e2630 f   dosbox_emu.obj
 0001:000e1668       ?GetHookAddress@@YAKPAD0@Z 100e2668 f   dosbox_emu.obj
 0001:000e17c8       ?IO_ReadD@@YAII@Z          100e27c8 f   dosbox_emu.obj
 0001:000e18dc       ?DOSBOX_RunMachine@@YAXXZ  100e28dc f   dosbox_emu.obj
 0001:000e1904       ?AllocStack@@YAPAXH@Z      100e2904 f   dosbox_emu.obj
 0001:000e198c       ?FreeStack@@YAXPAX@Z       100e298c f   dosbox_emu.obj
 0001:000e19b0       ?ReuseStack@@YAXPAX@Z      100e29b0 f   dosbox_emu.obj
 0001:000e19d0       EmuExecute                 100e29d0 f   dosbox_emu.obj
 0001:000e1b48       ?SHELL_Init@@YAXXZ         100e2b48 f   dosbox_emu.obj
 0001:000e1b98       ?DOSBOX_Init@@YAXXZ        100e2b98 f   dosbox_emu.obj
 0001:000e2048       EmuInitialize              100e3048 f   dosbox_emu.obj
 0001:000e26f8       ?AddHead@CList@@QAA_NPAX@Z 100e36f8 f i dosbox_emu.obj
 0001:000e27b4       ?GetHead@CList@@QAAPAXXZ   100e37b4 f i dosbox_emu.obj
 0001:000e2864       ??0Value@@QAA@H@Z          100e3864 f i dosbox_emu.obj
 0001:000e28b4       ?SetMinMax@Prop_int@@QAAXABVValue@@0@Z 100e38b4 f i dosbox_emu.obj
 0001:000e28e8       ??1Value@@QAA@XZ           100e38e8 f i dosbox_emu.obj
 0001:000e2908       ??0CList@@QAA@XZ           100e3908 f i dosbox_emu.obj
 0001:000e2964       ?Lock@CLock@@QAAXXZ        100e3964 f i dosbox_emu.obj
 0001:000e29a8       ?Unlock@CLock@@QAAXXZ      100e39a8 f i dosbox_emu.obj
 0001:000e29f8       ??0Hex@@QAA@XZ             100e39f8 f i dosbox_emu.obj
 0001:000e2a2c       ??4Value@@QAAAAV0@ABV0@@Z  100e3a2c f i dosbox_emu.obj
 0001:000e2aac       ??0Config@@QAA@PAVCommandLine@@@Z 100e3aac f i dosbox_emu.obj
 0001:000e2afc       ??0CLock@@QAA@PAPAU_RTL_CRITICAL_SECTION@@@Z 100e3afc f i dosbox_emu.obj
 0001:000e2b88       ??1CList@@QAA@XZ           100e3b88 f i dosbox_emu.obj
 0001:000e2c24       ??0Value@@QAA@ABV0@@Z      100e3c24 f i dosbox_emu.obj
 0001:000e2c70       ??0?$list@PAVSection@@V?$allocator@PAVSection@@@std@@@std@@QAA@XZ 100e3c70 f i dosbox_emu.obj
 0001:000e2cb8       ??1CLock@@QAA@XZ           100e3cb8 f i dosbox_emu.obj
 0001:000e2cec       ??0?$allocator@PAVSection@@@std@@QAA@XZ 100e3cec f i dosbox_emu.obj
 0001:000e2d1c       ??0?$_List_buy@PAVSection@@V?$allocator@PAVSection@@@std@@@std@@QAA@ABV?$allocator@PAVSection@@@1@@Z 100e3d1c f i dosbox_emu.obj
 0001:000e2d58       ?FreeCS@CLock@@AAAXXZ      100e3d58 f i dosbox_emu.obj
 0001:000e2dd0       ??0?$_List_alloc@$0A@U?$_List_base_types@PAVSection@@V?$allocator@PAVSection@@@std@@@std@@@std@@QAA@ABV?$allocator@PAVSection@@@1@@Z 100e3dd0 f i dosbox_emu.obj
 0001:000e2e6c       ??0?$_List_val@U?$_List_simple_types@PAVSection@@@std@@@std@@QAA@XZ 100e3e6c f i dosbox_emu.obj
 0001:000e2ec4       ?_Buyheadnode@?$_List_alloc@$0A@U?$_List_base_types@PAVSection@@V?$allocator@PAVSection@@@std@@@std@@@std@@QAAPAU?$_List_node@PAVSection@@PAX@2@XZ 100e3ec4 f i dosbox_emu.obj
 0001:000e2f00       ?_Alloc_proxy@?$_List_alloc@$0A@U?$_List_base_types@PAVSection@@V?$allocator@PAVSection@@@std@@@std@@@std@@QAAXXZ 100e3f00 f i dosbox_emu.obj
 0001:000e2f84       ?_Freeheadnode@?$_List_alloc@$0A@U?$_List_base_types@PAVSection@@V?$allocator@PAVSection@@@std@@@std@@@std@@QAAXPAU?$_List_node@PAVSection@@PAX@2@@Z 100e3f84 f i dosbox_emu.obj
 0001:000e3024       ??1?$_List_val@U?$_List_simple_types@PAVSection@@@std@@@std@@QAA@XZ 100e4024 f i dosbox_emu.obj
 0001:000e304c       ?_Buynode0@?$_List_alloc@$0A@U?$_List_base_types@PAVSection@@V?$allocator@PAVSection@@@std@@@std@@@std@@QAAPAU?$_List_node@PAVSection@@PAX@2@PAU32@0@Z 100e404c f i dosbox_emu.obj
 0001:000e314c       ?allocate@?$_Wrap_alloc@V?$allocator@U_Container_proxy@std@@@std@@@std@@QAAPAU_Container_proxy@2@I@Z 100e414c f i dosbox_emu.obj
 0001:000e3188       ??$construct@U_Container_proxy@std@@U12@@?$_Wrap_alloc@V?$allocator@U_Container_proxy@std@@@std@@@std@@QAAXPAU_Container_proxy@1@$$QAU21@@Z 100e4188 f i dosbox_emu.obj
 0001:000e31c4       ?_Nextnode@?$_List_val@U?$_List_simple_types@PAVSection@@@std@@@std@@SAAAPAU?$_List_node@PAVSection@@PAX@2@PAU32@@Z 100e41c4 f i dosbox_emu.obj
 0001:000e31f4       ??$addressof@PAU?$_List_node@PAVSection@@PAX@std@@@std@@YAPAPAU?$_List_node@PAVSection@@PAX@0@AAPAU10@@Z 100e41f4 f i dosbox_emu.obj
 0001:000e3224       ?_Getal@?$_List_alloc@$0A@U?$_List_base_types@PAVSection@@V?$allocator@PAVSection@@@std@@@std@@@std@@QBA?AU?$_Wrap_alloc@V?$allocator@U?$_List_node@PAVSection@@PAX@std@@@std@@@2@XZ 100e4224 f i dosbox_emu.obj
 0001:000e3258       ??$destroy@PAU?$_List_node@PAVSection@@PAX@std@@@?$_Wrap_alloc@V?$allocator@U?$_List_node@PAVSection@@PAX@std@@@std@@@std@@QAAXPAPAU?$_List_node@PAVSection@@PAX@1@@Z 100e4258 f i dosbox_emu.obj
 0001:000e3278       ?_Prevnode@?$_List_val@U?$_List_simple_types@PAVSection@@@std@@@std@@SAAAPAU?$_List_node@PAVSection@@PAX@2@PAU32@@Z 100e4278 f i dosbox_emu.obj
 0001:000e32a8       ?deallocate@?$_Wrap_alloc@V?$allocator@U?$_List_node@PAVSection@@PAX@std@@@std@@@std@@QAAXPAU?$_List_node@PAVSection@@PAX@2@I@Z 100e42a8 f i dosbox_emu.obj
 0001:000e32cc       ?allocate@?$_Wrap_alloc@V?$allocator@U?$_List_node@PAVSection@@PAX@std@@@std@@@std@@QAAPAU?$_List_node@PAVSection@@PAX@2@I@Z 100e42cc f i dosbox_emu.obj
 0001:000e3308       ??$construct@PAU?$_List_node@PAVSection@@PAX@std@@AAPAU12@@?$_Wrap_alloc@V?$allocator@U?$_List_node@PAVSection@@PAX@std@@@std@@@std@@QAAXPAPAU?$_List_node@PAVSection@@PAX@1@AAPAU21@@Z 100e4308 f i dosbox_emu.obj
 0001:000e3344       ??$construct@U_Container_proxy@std@@U12@@?$allocator_traits@V?$allocator@U_Container_proxy@std@@@std@@@std@@SAXAAV?$allocator@U_Container_proxy@std@@@1@PAU_Container_proxy@1@$$QAU31@@Z 100e4344 f i dosbox_emu.obj
 0001:000e3380       ??0?$_Wrap_alloc@V?$allocator@U?$_List_node@PAVSection@@PAX@std@@@std@@@std@@QAA@XZ 100e4380 f i dosbox_emu.obj
 0001:000e33b4       ??$destroy@PAU?$_List_node@PAVSection@@PAX@std@@@?$allocator_traits@V?$allocator@U?$_List_node@PAVSection@@PAX@std@@@std@@@std@@SAXAAV?$allocator@U?$_List_node@PAVSection@@PAX@std@@@1@PAPAU?$_List_node@PAVSection@@PAX@1@@Z 100e43b4 f i dosbox_emu.obj
 0001:000e33d4       ?deallocate@?$allocator@U?$_List_node@PAVSection@@PAX@std@@@std@@QAAXPAU?$_List_node@PAVSection@@PAX@2@I@Z 100e43d4 f i dosbox_emu.obj
 0001:000e33f4       ?allocate@?$allocator@U?$_List_node@PAVSection@@PAX@std@@@std@@QAAPAU?$_List_node@PAVSection@@PAX@2@I@Z 100e43f4 f i dosbox_emu.obj
 0001:000e3430       ??$forward@AAPAU?$_List_node@PAVSection@@PAX@std@@@std@@YAAAPAU?$_List_node@PAVSection@@PAX@0@AAPAU10@@Z 100e4430 f i dosbox_emu.obj
 0001:000e3460       ??$construct@PAU?$_List_node@PAVSection@@PAX@std@@AAPAU12@@?$allocator_traits@V?$allocator@U?$_List_node@PAVSection@@PAX@std@@@std@@@std@@SAXAAV?$allocator@U?$_List_node@PAVSection@@PAX@std@@@1@PAPAU?$_List_node@PAVSection@@PAX@1@AAPAU31@@Z 100e4460 f i dosbox_emu.obj
 0001:000e349c       ??0?$allocator@U?$_List_node@PAVSection@@PAX@std@@@std@@QAA@XZ 100e449c f i dosbox_emu.obj
 0001:000e34cc       ??$destroy@PAU?$_List_node@PAVSection@@PAX@std@@@?$allocator@U?$_List_node@PAVSection@@PAX@std@@@std@@QAAXPAPAU?$_List_node@PAVSection@@PAX@1@@Z 100e44cc f i dosbox_emu.obj
 0001:000e34e4       ??$_Allocate@U?$_List_node@PAVSection@@PAX@std@@@std@@YAPAU?$_List_node@PAVSection@@PAX@0@IPAU10@@Z 100e44e4 f i dosbox_emu.obj
 0001:000e3564       ??$construct@PAU?$_List_node@PAVSection@@PAX@std@@AAPAU12@@?$allocator@U?$_List_node@PAVSection@@PAX@std@@@std@@QAAXPAPAU?$_List_node@PAVSection@@PAX@1@AAPAU21@@Z 100e4564 f i dosbox_emu.obj
 0001:000e35e8       ?get_CF@@YAKXZ             100e45e8 f   flags.obj
 0001:000e39ec       ?get_AF@@YAKXZ             100e49ec f   flags.obj
 0001:000e3c3c       ?get_ZF@@YAKXZ             100e4c3c f   flags.obj
 0001:000e3d80       ?get_SF@@YAKXZ             100e4d80 f   flags.obj
 0001:000e3ea0       ?get_OF@@YAKXZ             100e4ea0 f   flags.obj
 0001:000e4248       ?get_PF@@YAKXZ             100e5248 f   flags.obj
 0001:000e42a0       ?FillFlags@@YAIXZ          100e52a0 f   flags.obj
 0001:000e6f5c       ?FillFlagsNoCFOF@@YAXXZ    100e7f5c f   flags.obj
 0001:000e8abc       ?DestroyConditionFlags@@YAXXZ 100e9abc f   flags.obj
 0001:000ea010       ?FPU_FLDCW@@YAXK@Z         100eb010 f   fpu.obj
 0001:000ea048       ?FPU_GetTag@@YAGXZ         100eb048 f   fpu.obj
 0001:000ea0bc       ?FPU_ESC0_EA@@YAXIK@Z      100eb0bc f   fpu.obj
 0001:000ea0dc       ?FPU_ESC0_Normal@@YAXI@Z   100eb0dc f   fpu.obj
 0001:000ea204       ?FPU_ESC1_EA@@YAXIK@Z      100eb204 f   fpu.obj
 0001:000ea304       ?FPU_ESC1_Normal@@YAXI@Z   100eb304 f   fpu.obj
 0001:000ea614       ?FPU_ESC2_EA@@YAXIK@Z      100eb614 f   fpu.obj
 0001:000ea634       ?FPU_ESC2_Normal@@YAXI@Z   100eb634 f   fpu.obj
 0001:000ea6f8       ?FPU_ESC3_EA@@YAXIK@Z      100eb6f8 f   fpu.obj
 0001:000ea7e8       ?FPU_ESC3_Normal@@YAXI@Z   100eb7e8 f   fpu.obj
 0001:000ea8b4       ?FPU_ESC4_EA@@YAXIK@Z      100eb8b4 f   fpu.obj
 0001:000ea8d4       ?FPU_ESC4_Normal@@YAXI@Z   100eb8d4 f   fpu.obj
 0001:000ea9fc       ?FPU_ESC5_EA@@YAXIK@Z      100eb9fc f   fpu.obj
 0001:000eaafc       ?FPU_ESC5_Normal@@YAXI@Z   100ebafc f   fpu.obj
 0001:000eac24       ?FPU_ESC6_EA@@YAXIK@Z      100ebc24 f   fpu.obj
 0001:000eac44       ?FPU_ESC6_Normal@@YAXI@Z   100ebc44 f   fpu.obj
 0001:000eada4       ?FPU_ESC7_EA@@YAXIK@Z      100ebda4 f   fpu.obj
 0001:000eaeb8       ?FPU_ESC7_Normal@@YAXI@Z   100ebeb8 f   fpu.obj
 0001:000eafe4       ?FPU_Init@@YAXPAVSection@@@Z 100ebfe4 f   fpu.obj
 0001:000edfdc       ?MEM_SetLFB@@YAXIIPAVPageHandler@@0@Z 100eefdc f   memory.obj
 0001:000ee04c       ?MEM_GetPageHandler@@YAPAVPageHandler@@I@Z 100ef04c f   memory.obj
 0001:000ee118       ?MEM_SetPageHandler@@YAXIIPAVPageHandler@@@Z 100ef118 f   memory.obj
 0001:000ee158       ?MEM_ResetPageHandler@@YAXII@Z 100ef158 f   memory.obj
 0001:000ee19c       ?mem_strlen@@YAIK@Z        100ef19c f   memory.obj
 0001:000ee1f4       ?mem_strcpy@@YAXKK@Z       100ef1f4 f   memory.obj
 0001:000ee258       ?mem_memcpy@@YAXKKI@Z      100ef258 f   memory.obj
 0001:000ee2b4       ?MEM_BlockRead@@YAXKPAXI@Z 100ef2b4 f   memory.obj
 0001:000ee310       ?MEM_BlockWrite@@YAXKQBXI@Z 100ef310 f   memory.obj
 0001:000ee36c       ?MEM_BlockCopy@@YAXKKI@Z   100ef36c f   memory.obj
 0001:000ee388       ?MEM_StrCopy@@YAXKPADI@Z   100ef388 f   memory.obj
 0001:000ee3f8       ?MEM_TotalPages@@YAIXZ     100ef3f8 f   memory.obj
 0001:000ee41c       ?MEM_FreeLargest@@YAIXZ    100ef41c f   memory.obj
 0001:000ee49c       ?MEM_FreeTotal@@YAIXZ      100ef49c f   memory.obj
 0001:000ee4f8       ?MEM_AllocatedPages@@YAIJ@Z 100ef4f8 f   memory.obj
 0001:000ee544       ?MEM_AllocatePages@@YAJI_N@Z 100ef544 f   memory.obj
 0001:000ee66c       ?MEM_GetNextFreePage@@YAJXZ 100ef66c f   memory.obj
 0001:000ee694       ?MEM_ReleasePages@@YAXJ@Z  100ef694 f   memory.obj
 0001:000ee6e8       ?MEM_ReAllocatePages@@YA_NAAJI_N@Z 100ef6e8 f   memory.obj
 0001:000ee9c4       ?MEM_NextHandle@@YAJJ@Z    100ef9c4 f   memory.obj
 0001:000ee9fc       ?MEM_NextHandleAt@@YAJJI@Z 100ef9fc f   memory.obj
 0001:000eea44       ?MEM_A20_Enabled@@YA_NXZ   100efa44 f   memory.obj
 0001:000eea78       ?MEM_A20_Enable@@YAX_N@Z   100efa78 f   memory.obj
 0001:000eeaec       ?RemoveEMSPageFrame@@YAXXZ 100efaec f   memory.obj
 0001:000eeb34       ?PreparePCJRCartRom@@YAXXZ 100efb34 f   memory.obj
 0001:000eeb7c       ?GetMemBase@@YAPAEXZ       100efb7c f   memory.obj
 0001:000eeb9c       ?MEM_Init@@YAXPAVSection@@@Z 100efb9c f   memory.obj
 0001:000eefe0       ?BestMatch@@YAII@Z         100effe0 f i memory.obj
 0001:000ef0f8       ??0MEMORY@@QAA@PAVSection@@@Z 100f00f8 f i memory.obj
 0001:000ef220       ??0IllegalPageHandler@@QAA@XZ 100f0220 f i memory.obj
 0001:000ef270       ??0RAMPageHandler@@QAA@XZ  100f0270 f i memory.obj
 0001:000ef2c0       ??0ROMPageHandler@@QAA@XZ  100f02c0 f i memory.obj
 0001:000ef310       ??_GMEMORY@@UAAPAXI@Z      100f0310 f i memory.obj
 0001:000ef310       ??_EMEMORY@@UAAPAXI@Z      100f0310 f i memory.obj
 0001:000ef358       ??_GIllegalPageHandler@@UAAPAXI@Z 100f0358 f i memory.obj
 0001:000ef358       ??_EIllegalPageHandler@@UAAPAXI@Z 100f0358 f i memory.obj
 0001:000ef3a0       ?readb@IllegalPageHandler@@UAAIK@Z 100f03a0 f i memory.obj
 0001:000ef418       ?writeb@IllegalPageHandler@@UAAXKI@Z 100f0418 f i memory.obj
 0001:000ef48c       ??1IllegalPageHandler@@UAA@XZ 100f048c f i memory.obj
 0001:000ef4ac       ??_GRAMPageHandler@@UAAPAXI@Z 100f04ac f i memory.obj
 0001:000ef4ac       ??_ERAMPageHandler@@UAAPAXI@Z 100f04ac f i memory.obj
 0001:000ef4f4       ?GetHostReadPt@RAMPageHandler@@UAAPAEI@Z 100f04f4 f i memory.obj
 0001:000ef52c       ?GetHostWritePt@RAMPageHandler@@UAAPAEI@Z 100f052c f i memory.obj
 0001:000ef564       ??1RAMPageHandler@@UAA@XZ  100f0564 f i memory.obj
 0001:000ef584       ??_GROMPageHandler@@UAAPAXI@Z 100f0584 f i memory.obj
 0001:000ef584       ??_EROMPageHandler@@UAAPAXI@Z 100f0584 f i memory.obj
 0001:000ef5cc       ?writeb@ROMPageHandler@@UAAXKI@Z 100f05cc f i memory.obj
 0001:000ef62c       ?writew@ROMPageHandler@@UAAXKI@Z 100f062c f i memory.obj
 0001:000ef68c       ?writed@ROMPageHandler@@UAAXKI@Z 100f068c f i memory.obj
 0001:000ef6ec       ??1ROMPageHandler@@UAA@XZ  100f06ec f i memory.obj
 0001:000ef70c       ??1MEMORY@@UAA@XZ          100f070c f i memory.obj
 0001:000ef76c       ?MSG_Add@@YAXPBD0@Z        100f076c f   messages.obj
 0001:000ef8a8       ?MSG_Replace@@YAXPBD0@Z    100f08a8 f   messages.obj
 0001:000efa14       ?MSG_Get@@YAPBDPBD@Z       100f0a14 f   messages.obj
 0001:000efb28       ?MSG_Write@@YAXPBD@Z       100f0b28 f   messages.obj
 0001:000efc58       ?MSG_Init@@YAXPAVSection_prop@@@Z 100f0c58 f   messages.obj
 0001:000f0250       ?begin@?$list@UMessageBlock@@V?$allocator@UMessageBlock@@@std@@@std@@QAA?AV?$_List_iterator@V?$_List_val@U?$_List_simple_types@UMessageBlock@@@std@@@std@@@2@XZ 100f1250 f i messages.obj
 0001:000f029c       ??E?$_List_iterator@V?$_List_val@U?$_List_simple_types@UMessageBlock@@@std@@@std@@@std@@QAA?AV01@H@Z 100f129c f i messages.obj
 0001:000f0344       ??1?$_List_iterator@V?$_List_val@U?$_List_simple_types@UMessageBlock@@@std@@@std@@@std@@QAA@XZ 100f1344 f i messages.obj
 0001:000f0364       ?end@?$list@UMessageBlock@@V?$allocator@UMessageBlock@@@std@@@std@@QAA?AV?$_List_iterator@V?$_List_val@U?$_List_simple_types@UMessageBlock@@@std@@@std@@@2@XZ 100f1364 f i messages.obj
 0001:000f03a4       ??9?$_List_const_iterator@V?$_List_val@U?$_List_simple_types@UMessageBlock@@@std@@@std@@@std@@QBA_NABV01@@Z 100f13a4 f i messages.obj
 0001:000f0404       ??D?$_List_iterator@V?$_List_val@U?$_List_simple_types@UMessageBlock@@@std@@@std@@@std@@QBAAAUMessageBlock@@XZ 100f1404 f i messages.obj
 0001:000f043c       ??0MessageBlock@@QAA@PBD0@Z 100f143c f i messages.obj
 0001:000f04a8       ?push_back@?$list@UMessageBlock@@V?$allocator@UMessageBlock@@@std@@@std@@QAAX$$QAUMessageBlock@@@Z 100f14a8 f i messages.obj
 0001:000f0504       ??1MessageBlock@@QAA@XZ    100f1504 f i messages.obj
 0001:000f0530       ??0?$_List_const_iterator@V?$_List_val@U?$_List_simple_types@UMessageBlock@@@std@@@std@@@std@@QAA@ABV01@@Z 100f1530 f i messages.obj
 0001:000f056c       ?erase@?$list@UMessageBlock@@V?$allocator@UMessageBlock@@@std@@@std@@QAA?AV?$_List_iterator@V?$_List_val@U?$_List_simple_types@UMessageBlock@@@std@@@std@@@2@V?$_List_const_iterator@V?$_List_val@U?$_List_simple_types@UMessageBlock@@@std@@@std@@@2@@Z 100f156c f i messages.obj
 0001:000f0738       ??0?$list@UMessageBlock@@V?$allocator@UMessageBlock@@@std@@@std@@QAA@XZ 100f1738 f i messages.obj
 0001:000f0780       ?_Nextnode@?$_List_val@U?$_List_simple_types@UMessageBlock@@@std@@@std@@SAAAPAU?$_List_node@UMessageBlock@@PAX@2@PAU32@@Z 100f1780 f i messages.obj
 0001:000f07b0       ??0?$_List_iterator@V?$_List_val@U?$_List_simple_types@UMessageBlock@@@std@@@std@@@std@@QAA@PAU?$_List_node@UMessageBlock@@PAX@1@PBV?$_List_val@U?$_List_simple_types@UMessageBlock@@@std@@@1@@Z 100f17b0 f i messages.obj
 0001:000f07ec       ??0?$_List_iterator@V?$_List_val@U?$_List_simple_types@UMessageBlock@@@std@@@std@@@std@@QAA@ABV01@@Z 100f17ec f i messages.obj
 0001:000f0828       ??E?$_List_iterator@V?$_List_val@U?$_List_simple_types@UMessageBlock@@@std@@@std@@@std@@QAAAAV01@XZ 100f1828 f i messages.obj
 0001:000f085c       ??1?$_List_const_iterator@V?$_List_val@U?$_List_simple_types@UMessageBlock@@@std@@@std@@@std@@QAA@XZ 100f185c f i messages.obj
 0001:000f087c       ??8?$_List_const_iterator@V?$_List_val@U?$_List_simple_types@UMessageBlock@@@std@@@std@@@std@@QBA_NABV01@@Z 100f187c f i messages.obj
 0001:000f098c       ??D?$_List_const_iterator@V?$_List_val@U?$_List_simple_types@UMessageBlock@@@std@@@std@@@std@@QBAABUMessageBlock@@XZ 100f198c f i messages.obj
 0001:000f0a88       ??$forward@UMessageBlock@@@std@@YA$$QAUMessageBlock@@AAU1@@Z 100f1a88 f i messages.obj
 0001:000f0ab8       ?_Unchecked_end@?$list@UMessageBlock@@V?$allocator@UMessageBlock@@@std@@@std@@QAA?AV?$_List_unchecked_iterator@V?$_List_val@U?$_List_simple_types@UMessageBlock@@@std@@@std@@@2@XZ 100f1ab8 f i messages.obj
 0001:000f0af8       ??$_Insert@UMessageBlock@@@?$list@UMessageBlock@@V?$allocator@UMessageBlock@@@std@@@std@@QAAXV?$_List_unchecked_const_iterator@V?$_List_val@U?$_List_simple_types@UMessageBlock@@@std@@@std@@U_Iterator_base0@2@@1@$$QAUMessageBlock@@@Z 100f1af8 f i messages.obj
 0001:000f0b98       ??0?$_List_unchecked_const_iterator@V?$_List_val@U?$_List_simple_types@UMessageBlock@@@std@@@std@@U_Iterator_base12@2@@std@@QAA@ABV01@@Z 100f1b98 f i messages.obj
 0001:000f0be8       ?_Getcont@_Iterator_base12@std@@QBAPBU_Container_base12@2@XZ 100f1be8 f i messages.obj
 0001:000f0c30       ??E?$_List_const_iterator@V?$_List_val@U?$_List_simple_types@UMessageBlock@@@std@@@std@@@std@@QAA?AV01@H@Z 100f1c30 f i messages.obj
 0001:000f0cd8       ?_Mynode@?$_List_unchecked_const_iterator@V?$_List_val@U?$_List_simple_types@UMessageBlock@@@std@@@std@@U_Iterator_base12@2@@std@@QBAPAU?$_List_node@UMessageBlock@@PAX@2@XZ 100f1cd8 f i messages.obj
 0001:000f0d0c       ?_Orphan_ptr@?$list@UMessageBlock@@V?$allocator@UMessageBlock@@@std@@@std@@QBAXAAV12@PAU?$_List_node@UMessageBlock@@PAX@2@@Z 100f1d0c f i messages.obj
 0001:000f0e20       ?_Prevnode@?$_List_val@U?$_List_simple_types@UMessageBlock@@@std@@@std@@SAAAPAU?$_List_node@UMessageBlock@@PAX@2@PAU32@@Z 100f1e20 f i messages.obj
 0001:000f0e50       ?_Freenode@?$_List_buy@UMessageBlock@@V?$allocator@UMessageBlock@@@std@@@std@@QAAXPAU?$_List_node@UMessageBlock@@PAX@2@@Z 100f1e50 f i messages.obj
 0001:000f0f1c       ?_Make_iter@?$list@UMessageBlock@@V?$allocator@UMessageBlock@@@std@@@std@@QBA?AV?$_List_iterator@V?$_List_val@U?$_List_simple_types@UMessageBlock@@@std@@@std@@@2@V?$_List_const_iterator@V?$_List_val@U?$_List_simple_types@UMessageBlock@@@std@@@std@@@2@@Z 100f1f1c f i messages.obj
 0001:000f0f64       ??0?$allocator@UMessageBlock@@@std@@QAA@XZ 100f1f64 f i messages.obj
 0001:000f0f94       ??0?$_List_buy@UMessageBlock@@V?$allocator@UMessageBlock@@@std@@@std@@QAA@ABV?$allocator@UMessageBlock@@@1@@Z 100f1f94 f i messages.obj
 0001:000f0fd0       ??1?$list@UMessageBlock@@V?$allocator@UMessageBlock@@@std@@@std@@QAA@XZ 100f1fd0 f i messages.obj
 0001:000f0ff8       ??0?$_List_const_iterator@V?$_List_val@U?$_List_simple_types@UMessageBlock@@@std@@@std@@@std@@QAA@PAU?$_List_node@UMessageBlock@@PAX@1@PBV?$_List_val@U?$_List_simple_types@UMessageBlock@@@std@@@1@@Z 100f1ff8 f i messages.obj
 0001:000f1034       ??E?$_List_const_iterator@V?$_List_val@U?$_List_simple_types@UMessageBlock@@@std@@@std@@@std@@QAAAAV01@XZ 100f2034 f i messages.obj
 0001:000f1140       ??1?$_List_unchecked_const_iterator@V?$_List_val@U?$_List_simple_types@UMessageBlock@@@std@@@std@@U_Iterator_base12@2@@std@@QAA@XZ 100f2140 f i messages.obj
 0001:000f1160       ?_Myval@?$_List_val@U?$_List_simple_types@UMessageBlock@@@std@@@std@@SAAAUMessageBlock@@PAU?$_List_node@UMessageBlock@@PAX@2@@Z 100f2160 f i messages.obj
 0001:000f1190       ??0?$_List_unchecked_iterator@V?$_List_val@U?$_List_simple_types@UMessageBlock@@@std@@@std@@@std@@QAA@PAU?$_List_node@UMessageBlock@@PAX@1@PBV?$_List_val@U?$_List_simple_types@UMessageBlock@@@std@@@1@@Z 100f2190 f i messages.obj
 0001:000f11cc       ?_Mynode@?$_List_unchecked_const_iterator@V?$_List_val@U?$_List_simple_types@UMessageBlock@@@std@@@std@@U_Iterator_base0@2@@std@@QBAPAU?$_List_node@UMessageBlock@@PAX@2@XZ 100f21cc f i messages.obj
 0001:000f11fc       ??$_Buynode@UMessageBlock@@@?$_List_buy@UMessageBlock@@V?$allocator@UMessageBlock@@@std@@@std@@QAAPAU?$_List_node@UMessageBlock@@PAX@1@PAU21@0$$QAUMessageBlock@@@Z 100f21fc f i messages.obj
 0001:000f12bc       ?_Incsize@?$list@UMessageBlock@@V?$allocator@UMessageBlock@@@std@@@std@@QAAXI@Z 100f22bc f i messages.obj
 0001:000f132c       ??0?$_Iterator012@Ubidirectional_iterator_tag@std@@UMessageBlock@@HPBU3@ABU3@U_Iterator_base12@2@@std@@QAA@ABU01@@Z 100f232c f i messages.obj
 0001:000f1368       ?_Getpnext@_Iterator_base12@std@@QAAPAPAU12@XZ 100f2368 f i messages.obj
 0001:000f1398       ?_Clrcont@_Iterator_base12@std@@QAAXXZ 100f2398 f i messages.obj
 0001:000f13b8       ??$addressof@PAU?$_List_node@UMessageBlock@@PAX@std@@@std@@YAPAPAU?$_List_node@UMessageBlock@@PAX@0@AAPAU10@@Z 100f23b8 f i messages.obj
 0001:000f13e8       ?_Getal@?$_List_alloc@$0A@U?$_List_base_types@UMessageBlock@@V?$allocator@UMessageBlock@@@std@@@std@@@std@@QBA?AU?$_Wrap_alloc@V?$allocator@U?$_List_node@UMessageBlock@@PAX@std@@@std@@@2@XZ 100f23e8 f i messages.obj
 0001:000f141c       ??$destroy@PAU?$_List_node@UMessageBlock@@PAX@std@@@?$_Wrap_alloc@V?$allocator@U?$_List_node@UMessageBlock@@PAX@std@@@std@@@std@@QAAXPAPAU?$_List_node@UMessageBlock@@PAX@1@@Z 100f241c f i messages.obj
 0001:000f143c       ??$addressof@UMessageBlock@@@std@@YAPAUMessageBlock@@AAU1@@Z 100f243c f i messages.obj
 0001:000f146c       ??$destroy@UMessageBlock@@@?$_Wrap_alloc@V?$allocator@U?$_List_node@UMessageBlock@@PAX@std@@@std@@@std@@QAAXPAUMessageBlock@@@Z 100f246c f i messages.obj
 0001:000f148c       ?deallocate@?$_Wrap_alloc@V?$allocator@U?$_List_node@UMessageBlock@@PAX@std@@@std@@@std@@QAAXPAU?$_List_node@UMessageBlock@@PAX@2@I@Z 100f248c f i messages.obj
 0001:000f14b0       ??0?$_List_alloc@$0A@U?$_List_base_types@UMessageBlock@@V?$allocator@UMessageBlock@@@std@@@std@@@std@@QAA@ABV?$allocator@UMessageBlock@@@1@@Z 100f24b0 f i messages.obj
 0001:000f154c       ?_Tidy@?$list@UMessageBlock@@V?$allocator@UMessageBlock@@@std@@@std@@QAAXXZ 100f254c f i messages.obj
 0001:000f156c       ??1?$_List_buy@UMessageBlock@@V?$allocator@UMessageBlock@@@std@@@std@@QAA@XZ 100f256c f i messages.obj
 0001:000f158c       ??0?$_List_unchecked_const_iterator@V?$_List_val@U?$_List_simple_types@UMessageBlock@@@std@@@std@@U_Iterator_base12@2@@std@@QAA@PAU?$_List_node@UMessageBlock@@PAX@1@PBV?$_List_val@U?$_List_simple_types@UMessageBlock@@@std@@@1@@Z 100f258c f i messages.obj
 0001:000f15f8       ??1?$_Iterator012@Ubidirectional_iterator_tag@std@@UMessageBlock@@HPBU3@ABU3@U_Iterator_base12@2@@std@@QAA@XZ 100f25f8 f i messages.obj
 0001:000f1618       ??0?$_List_unchecked_const_iterator@V?$_List_val@U?$_List_simple_types@UMessageBlock@@@std@@@std@@U_Iterator_base0@2@@std@@QAA@PAU?$_List_node@UMessageBlock@@PAX@1@PBV?$_List_val@U?$_List_simple_types@UMessageBlock@@@std@@@1@@Z 100f2618 f i messages.obj
 0001:000f1658       ?_Buynode0@?$_List_alloc@$0A@U?$_List_base_types@UMessageBlock@@V?$allocator@UMessageBlock@@@std@@@std@@@std@@QAAPAU?$_List_node@UMessageBlock@@PAX@2@PAU32@0@Z 100f2658 f i messages.obj
 0001:000f1758       ??$construct@UMessageBlock@@U1@@?$_Wrap_alloc@V?$allocator@U?$_List_node@UMessageBlock@@PAX@std@@@std@@@std@@QAAXPAUMessageBlock@@$$QAU2@@Z 100f2758 f i messages.obj
 0001:000f1794       ?max_size@?$list@UMessageBlock@@V?$allocator@UMessageBlock@@@std@@@std@@QBAIXZ 100f2794 f i messages.obj
 0001:000f17dc       ??0_Iterator_base12@std@@QAA@ABU01@@Z 100f27dc f i messages.obj
 0001:000f1824       ??0?$_Wrap_alloc@V?$allocator@U?$_List_node@UMessageBlock@@PAX@std@@@std@@@std@@QAA@XZ 100f2824 f i messages.obj
 0001:000f1858       ??$destroy@PAU?$_List_node@UMessageBlock@@PAX@std@@@?$allocator_traits@V?$allocator@U?$_List_node@UMessageBlock@@PAX@std@@@std@@@std@@SAXAAV?$allocator@U?$_List_node@UMessageBlock@@PAX@std@@@1@PAPAU?$_List_node@UMessageBlock@@PAX@1@@Z 100f2858 f i messages.obj
 0001:000f1878       ??$destroy@UMessageBlock@@@?$allocator_traits@V?$allocator@U?$_List_node@UMessageBlock@@PAX@std@@@std@@@std@@SAXAAV?$allocator@U?$_List_node@UMessageBlock@@PAX@std@@@1@PAUMessageBlock@@@Z 100f2878 f i messages.obj
 0001:000f1898       ?deallocate@?$allocator@U?$_List_node@UMessageBlock@@PAX@std@@@std@@QAAXPAU?$_List_node@UMessageBlock@@PAX@2@I@Z 100f2898 f i messages.obj
 0001:000f18b8       ??0?$_List_val@U?$_List_simple_types@UMessageBlock@@@std@@@std@@QAA@XZ 100f28b8 f i messages.obj
 0001:000f1910       ?_Buyheadnode@?$_List_alloc@$0A@U?$_List_base_types@UMessageBlock@@V?$allocator@UMessageBlock@@@std@@@std@@@std@@QAAPAU?$_List_node@UMessageBlock@@PAX@2@XZ 100f2910 f i messages.obj
 0001:000f194c       ?_Alloc_proxy@?$_List_alloc@$0A@U?$_List_base_types@UMessageBlock@@V?$allocator@UMessageBlock@@@std@@@std@@@std@@QAAXXZ 100f294c f i messages.obj
 0001:000f19d0       ?_Freeheadnode@?$_List_alloc@$0A@U?$_List_base_types@UMessageBlock@@V?$allocator@UMessageBlock@@@std@@@std@@@std@@QAAXPAU?$_List_node@UMessageBlock@@PAX@2@@Z 100f29d0 f i messages.obj
 0001:000f1a70       ??1?$_List_val@U?$_List_simple_types@UMessageBlock@@@std@@@std@@QAA@XZ 100f2a70 f i messages.obj
 0001:000f1a98       ?clear@?$list@UMessageBlock@@V?$allocator@UMessageBlock@@@std@@@std@@QAAXXZ 100f2a98 f i messages.obj
 0001:000f1b60       ??1?$_List_alloc@$0A@U?$_List_base_types@UMessageBlock@@V?$allocator@UMessageBlock@@@std@@@std@@@std@@QAA@XZ 100f2b60 f i messages.obj
 0001:000f1b94       ??0?$_Iterator012@Ubidirectional_iterator_tag@std@@UMessageBlock@@HPBU3@ABU3@U_Iterator_base12@2@@std@@QAA@XZ 100f2b94 f i messages.obj
 0001:000f1bcc       ?_Adopt@_Iterator_base12@std@@QAAXPBU_Container_base12@2@@Z 100f2bcc f i messages.obj
 0001:000f1ccc       ??1_Iterator_base12@std@@QAA@XZ 100f2ccc f i messages.obj
 0001:000f1d3c       ?_Adopt@_Iterator_base0@std@@QAAXPBX@Z 100f2d3c f i messages.obj
 0001:000f1d54       ?allocate@?$_Wrap_alloc@V?$allocator@U?$_List_node@UMessageBlock@@PAX@std@@@std@@@std@@QAAPAU?$_List_node@UMessageBlock@@PAX@2@I@Z 100f2d54 f i messages.obj
 0001:000f1d90       ??$construct@PAU?$_List_node@UMessageBlock@@PAX@std@@AAPAU12@@?$_Wrap_alloc@V?$allocator@U?$_List_node@UMessageBlock@@PAX@std@@@std@@@std@@QAAXPAPAU?$_List_node@UMessageBlock@@PAX@1@AAPAU21@@Z 100f2d90 f i messages.obj
 0001:000f1dcc       ??$construct@UMessageBlock@@U1@@?$allocator_traits@V?$allocator@U?$_List_node@UMessageBlock@@PAX@std@@@std@@@std@@SAXAAV?$allocator@U?$_List_node@UMessageBlock@@PAX@std@@@1@PAUMessageBlock@@$$QAU3@@Z 100f2dcc f i messages.obj
 0001:000f1e08       ?max_size@?$_Wrap_alloc@V?$allocator@U?$_List_node@UMessageBlock@@PAX@std@@@std@@@std@@QBAIXZ 100f2e08 f i messages.obj
 0001:000f1e40       ??4_Iterator_base12@std@@QAAAAU01@ABU01@@Z 100f2e40 f i messages.obj
 0001:000f1f00       ??0?$allocator@U?$_List_node@UMessageBlock@@PAX@std@@@std@@QAA@XZ 100f2f00 f i messages.obj
 0001:000f1f30       ??$destroy@PAU?$_List_node@UMessageBlock@@PAX@std@@@?$allocator@U?$_List_node@UMessageBlock@@PAX@std@@@std@@QAAXPAPAU?$_List_node@UMessageBlock@@PAX@1@@Z 100f2f30 f i messages.obj
 0001:000f1f48       ??$destroy@UMessageBlock@@@?$allocator@U?$_List_node@UMessageBlock@@PAX@std@@@std@@QAAXPAUMessageBlock@@@Z 100f2f48 f i messages.obj
 0001:000f1f68       ?_Free_proxy@?$_List_alloc@$0A@U?$_List_base_types@UMessageBlock@@V?$allocator@UMessageBlock@@@std@@@std@@@std@@QAAXXZ 100f2f68 f i messages.obj
 0001:000f1fe8       ??0_Iterator_base12@std@@QAA@XZ 100f2fe8 f i messages.obj
 0001:000f2028       ?_Orphan_me@_Iterator_base12@std@@QAAXXZ 100f3028 f i messages.obj
 0001:000f20c4       ?allocate@?$allocator@U?$_List_node@UMessageBlock@@PAX@std@@@std@@QAAPAU?$_List_node@UMessageBlock@@PAX@2@I@Z 100f30c4 f i messages.obj
 0001:000f2100       ??$forward@AAPAU?$_List_node@UMessageBlock@@PAX@std@@@std@@YAAAPAU?$_List_node@UMessageBlock@@PAX@0@AAPAU10@@Z 100f3100 f i messages.obj
 0001:000f2130       ??$construct@PAU?$_List_node@UMessageBlock@@PAX@std@@AAPAU12@@?$allocator_traits@V?$allocator@U?$_List_node@UMessageBlock@@PAX@std@@@std@@@std@@SAXAAV?$allocator@U?$_List_node@UMessageBlock@@PAX@std@@@1@PAPAU?$_List_node@UMessageBlock@@PAX@1@AAPAU31@@Z 100f3130 f i messages.obj
 0001:000f216c       ??$construct@UMessageBlock@@U1@@?$allocator@U?$_List_node@UMessageBlock@@PAX@std@@@std@@QAAXPAUMessageBlock@@$$QAU2@@Z 100f316c f i messages.obj
 0001:000f21f4       ?max_size@?$allocator_traits@V?$allocator@U?$_List_node@UMessageBlock@@PAX@std@@@std@@@std@@SAIABV?$allocator@U?$_List_node@UMessageBlock@@PAX@std@@@2@@Z 100f31f4 f i messages.obj
 0001:000f222c       ??_GMessageBlock@@QAAPAXI@Z 100f322c f i messages.obj
 0001:000f2274       ??$_Allocate@U?$_List_node@UMessageBlock@@PAX@std@@@std@@YAPAU?$_List_node@UMessageBlock@@PAX@0@IPAU10@@Z 100f3274 f i messages.obj
 0001:000f22ec       ??$construct@PAU?$_List_node@UMessageBlock@@PAX@std@@AAPAU12@@?$allocator@U?$_List_node@UMessageBlock@@PAX@std@@@std@@QAAXPAPAU?$_List_node@UMessageBlock@@PAX@1@AAPAU21@@Z 100f32ec f i messages.obj
 0001:000f2370       ??0MessageBlock@@QAA@ABU0@@Z 100f3370 f i messages.obj
 0001:000f23e0       ?max_size@?$allocator@U?$_List_node@UMessageBlock@@PAX@std@@@std@@QBAIXZ 100f33e0 f i messages.obj
 0001:000f2410       ??0?$basic_string@DU?$char_traits@D@std@@V?$allocator@D@2@@std@@QAA@ABV01@@Z 100f3410 f i messages.obj
 0001:000f24a8       ?select_on_container_copy_construction@?$_Wrap_alloc@V?$allocator@D@std@@@std@@QBA?AU12@XZ 100f34a8 f i messages.obj
 0001:000f24f0       ?select_on_container_copy_construction@?$allocator_traits@V?$allocator@D@std@@@std@@SA?AV?$allocator@D@2@ABV32@@Z 100f34f0 f i messages.obj
 0001:000f2528       ??0?$_Wrap_alloc@V?$allocator@D@std@@@std@@QAA@ABV?$allocator@D@1@@Z 100f3528 f i messages.obj
 0001:000f2560       ?select_on_container_copy_construction@?$allocator@D@std@@QBA?AV12@XZ 100f3560 f i messages.obj
 0001:000f2598       ??0?$allocator@D@std@@QAA@ABV01@@Z 100f3598 f i messages.obj
 0001:000f25c8       ?SaturateWordSToByteS@@YACF@Z 100f35c8 f   mmx.obj
 0001:000f2618       ?SaturateDwordSToWordS@@YAFJ@Z 100f3618 f   mmx.obj
 0001:000f266c       ?SaturateWordSToByteU@@YAEF@Z 100f366c f   mmx.obj
 0001:000f26b8       ?SaturateDwordSToWordU@@YAGJ@Z 100f36b8 f   mmx.obj
 0001:000f2704       ?setFPU@@YAXG@Z            100f3704 f   mmx.obj
 0001:000f28a0       ?readb@PageHandler@@UAAIK@Z 100f38a0 f   paging.obj
 0001:000f28c8       ?readw@PageHandler@@UAAIK@Z 100f38c8 f   paging.obj
 0001:000f2918       ?readd@PageHandler@@UAAIK@Z 100f3918 f   paging.obj
 0001:000f2998       ?writeb@PageHandler@@UAAXKI@Z 100f3998 f   paging.obj
 0001:000f29b4       ?writew@PageHandler@@UAAXKI@Z 100f39b4 f   paging.obj
 0001:000f29f0       ?writed@PageHandler@@UAAXKI@Z 100f39f0 f   paging.obj
 0001:000f2a58       ?GetHostReadPt@PageHandler@@UAAPAEI@Z 100f3a58 f   paging.obj
 0001:000f2a7c       ?GetHostWritePt@PageHandler@@UAAPAEI@Z 100f3a7c f   paging.obj
 0001:000f2aa0       ?readb_checked@PageHandler@@UAA_NKPAE@Z 100f3aa0 f   paging.obj
 0001:000f2ae0       ?readw_checked@PageHandler@@UAA_NKPAG@Z 100f3ae0 f   paging.obj
 0001:000f2b20       ?readd_checked@PageHandler@@UAA_NKPAK@Z 100f3b20 f   paging.obj
 0001:000f2b60       ?writeb_checked@PageHandler@@UAA_NKI@Z 100f3b60 f   paging.obj
 0001:000f2b98       ?writew_checked@PageHandler@@UAA_NKI@Z 100f3b98 f   paging.obj
 0001:000f2bd0       ?writed_checked@PageHandler@@UAA_NKI@Z 100f3bd0 f   paging.obj
 0001:000f2c08       ?PAGING_PageFault@@YAXKII@Z 100f3c08 f   paging.obj
 0001:000f2d64       ?PAGING_MakePhysPage@@YA_NAAI@Z 100f3d64 f   paging.obj
 0001:000f2e54       ?PAGING_GetDirBase@@YAIXZ  100f3e54 f   paging.obj
 0001:000f2e78       ?PAGING_ForcePageInit@@YA_NI@Z 100f3e78 f   paging.obj
 0001:000f2ef4       ?PAGING_InitTLBBank@@YAXPAPAUtlb_entry@@@Z 100f3ef4 f   paging.obj
 0001:000f2f44       ?PAGING_InitTLB@@YAXXZ     100f3f44 f   paging.obj
 0001:000f2f70       ?PAGING_ClearTLB@@YAXXZ    100f3f70 f   paging.obj
 0001:000f3020       ?PAGING_UnlinkPages@@YAXII@Z 100f4020 f   paging.obj
 0001:000f3088       ?PAGING_MapPage@@YAXII@Z   100f4088 f   paging.obj
 0001:000f311c       ?PAGING_LinkPage@@YAXII@Z  100f411c f   paging.obj
 0001:000f3268       ?PAGING_LinkPage_ReadOnly@@YAXII@Z 100f4268 f   paging.obj
 0001:000f3390       ?PAGING_SetDirBase@@YAXI@Z 100f4390 f   paging.obj
 0001:000f33d4       ?PAGING_Enable@@YAX_N@Z    100f43d4 f   paging.obj
 0001:000f3460       ?PAGING_Enabled@@YA_NXZ    100f4460 f   paging.obj
 0001:000f3494       ?PAGING_Init@@YAXPAVSection@@@Z 100f4494 f   paging.obj
 0001:000f41c0       ??RLOG@@QAAXPBDNNN@Z       100f51c0 f i paging.obj
 0001:000f41fc       ?InitPageForced@InitPageHandler@@QAAXI@Z 100f51fc f i paging.obj
 0001:000f4320       ?InitPageForced@InitPageUserROHandler@@QAAXI@Z 100f5320 f i paging.obj
 0001:000f4444       ??0PAGING@@QAA@PAVSection@@@Z 100f5444 f i paging.obj
 0001:000f450c       ??0InitPageHandler@@QAA@XZ 100f550c f i paging.obj
 0001:000f455c       ??0InitPageUserROHandler@@QAA@XZ 100f555c f i paging.obj
 0001:000f45ac       ??_EPAGING@@UAAPAXI@Z      100f55ac f i paging.obj
 0001:000f45ac       ??_GPAGING@@UAAPAXI@Z      100f55ac f i paging.obj
 0001:000f45f4       ??_GInitPageHandler@@UAAPAXI@Z 100f55f4 f i paging.obj
 0001:000f45f4       ??_EInitPageHandler@@UAAPAXI@Z 100f55f4 f i paging.obj
 0001:000f463c       ?readb@InitPageHandler@@UAAIK@Z 100f563c f i paging.obj
 0001:000f46a8       ?readw@InitPageHandler@@UAAIK@Z 100f56a8 f i paging.obj
 0001:000f4714       ?readd@InitPageHandler@@UAAIK@Z 100f5714 f i paging.obj
 0001:000f4774       ?writeb@InitPageHandler@@UAAXKI@Z 100f5774 f i paging.obj
 0001:000f47c4       ?writew@InitPageHandler@@UAAXKI@Z 100f57c4 f i paging.obj
 0001:000f4814       ?writed@InitPageHandler@@UAAXKI@Z 100f5814 f i paging.obj
 0001:000f4864       ?readb_checked@InitPageHandler@@UAA_NKPAE@Z 100f5864 f i paging.obj
 0001:000f48d4       ?readw_checked@InitPageHandler@@UAA_NKPAG@Z 100f58d4 f i paging.obj
 0001:000f4944       ?readd_checked@InitPageHandler@@UAA_NKPAK@Z 100f5944 f i paging.obj
 0001:000f49b4       ?writeb_checked@InitPageHandler@@UAA_NKI@Z 100f59b4 f i paging.obj
 0001:000f4a1c       ?writew_checked@InitPageHandler@@UAA_NKI@Z 100f5a1c f i paging.obj
 0001:000f4a84       ?writed_checked@InitPageHandler@@UAA_NKI@Z 100f5a84 f i paging.obj
 0001:000f4ae8       ??1InitPageHandler@@UAA@XZ 100f5ae8 f i paging.obj
 0001:000f4b08       ??_GInitPageUserROHandler@@UAAPAXI@Z 100f5b08 f i paging.obj
 0001:000f4b08       ??_EInitPageUserROHandler@@UAAPAXI@Z 100f5b08 f i paging.obj
 0001:000f4b50       ?writeb@InitPageUserROHandler@@UAAXKI@Z 100f5b50 f i paging.obj
 0001:000f4ba8       ?writew@InitPageUserROHandler@@UAAXKI@Z 100f5ba8 f i paging.obj
 0001:000f4c00       ?writed@InitPageUserROHandler@@UAAXKI@Z 100f5c00 f i paging.obj
 0001:000f4c4c       ?writeb_checked@InitPageUserROHandler@@UAA_NKI@Z 100f5c4c f i paging.obj
 0001:000f4cec       ?writew_checked@InitPageUserROHandler@@UAA_NKI@Z 100f5cec f i paging.obj
 0001:000f4d8c       ?writed_checked@InitPageUserROHandler@@UAA_NKI@Z 100f5d8c f i paging.obj
 0001:000f4e20       ??1InitPageUserROHandler@@UAA@XZ 100f5e20 f i paging.obj
 0001:000f4e40       ??1PAGING@@UAA@XZ          100f5e40 f i paging.obj
 0001:000f4e70       ?InitPage@InitPageHandler@@QAAII_N@Z 100f5e70 f i paging.obj
 0001:000f5244       ?InitPageCheckOnly@InitPageHandler@@QAA_NI_N@Z 100f6244 f i paging.obj
 0001:000f5430       ?InitPage@InitPageUserROHandler@@QAAXII@Z 100f6430 f i paging.obj
 0001:000f5624       ?InitPageCheckOnly@InitPageUserROHandler@@QAAIII@Z 100f6624 f i paging.obj
 0001:000f57e8       ??RLOG@@QAAXPBDNNNNN@Z     100f67e8 f i paging.obj
 0001:000f5830       ?destroy@Value@@AAAXXZ     100f6830 f   setup.obj
 0001:000f5884       ?copy@Value@@AAAAAV1@ABV1@@Z 100f6884 f   setup.obj
 0001:000f5900       ?plaincopy@Value@@AAAXABV1@@Z 100f6900 f   setup.obj
 0001:000f59ac       ??BValue@@QBA_NXZ          100f69ac f   setup.obj
 0001:000f5a08       ??BValue@@QBA?AVHex@@XZ    100f6a08 f   setup.obj
 0001:000f5a64       ??BValue@@QBAHXZ           100f6a64 f   setup.obj
 0001:000f5abc       ??BValue@@QBANXZ           100f6abc f   setup.obj
 0001:000f5b1c       ??BValue@@QBAPBDXZ         100f6b1c f   setup.obj
 0001:000f5b80       ??8Value@@QAA_NABV0@@Z     100f6b80 f   setup.obj
 0001:000f5ca4       ?SetValue@Value@@QAAXABV?$basic_string@DU?$char_traits@D@std@@V?$allocator@D@2@@std@@W4Etype@1@@Z 100f6ca4 f   setup.obj
 0001:000f5dbc       ?set_hex@Value@@AAAXABV?$basic_string@DU?$char_traits@D@std@@V?$allocator@D@2@@std@@@Z 100f6dbc f   setup.obj
 0001:000f5e70       ?set_int@Value@@AAAXABV?$basic_string@DU?$char_traits@D@std@@V?$allocator@D@2@@std@@@Z 100f6e70 f   setup.obj
 0001:000f5f00       ?set_double@Value@@AAAXABV?$basic_string@DU?$char_traits@D@std@@V?$allocator@D@2@@std@@@Z 100f6f00 f   setup.obj
 0001:000f5f98       ?set_bool@Value@@AAAXABV?$basic_string@DU?$char_traits@D@std@@V?$allocator@D@2@@std@@@Z 100f6f98 f   setup.obj
 0001:000f60e0       ?set_string@Value@@AAAXABV?$basic_string@DU?$char_traits@D@std@@V?$allocator@D@2@@std@@@Z 100f70e0 f   setup.obj
 0001:000f6160       ?ToString@Value@@QBA?AV?$basic_string@DU?$char_traits@D@std@@V?$allocator@D@2@@std@@XZ 100f7160 f   setup.obj
 0001:000f6304       ?CheckValue@Property@@UAA_NABVValue@@_N@Z 100f7304 f   setup.obj
 0001:000f64ec       ?Set_help@Property@@QAAXABV?$basic_string@DU?$char_traits@D@std@@V?$allocator@D@2@@std@@@Z 100f74ec f   setup.obj
 0001:000f65a8       ?Get_help@Property@@QAAPBDXZ 100f75a8 f   setup.obj
 0001:000f6664       ?CheckValue@Prop_int@@UAA_NABVValue@@_N@Z 100f7664 f   setup.obj
 0001:000f68a4       ?SetValue@Prop_double@@UAAXABV?$basic_string@DU?$char_traits@D@std@@V?$allocator@D@2@@std@@@Z 100f78a4 f   setup.obj
 0001:000f6914       ?SetValue@Prop_int@@UAAXABV?$basic_string@DU?$char_traits@D@std@@V?$allocator@D@2@@std@@@Z 100f7914 f   setup.obj
 0001:000f6984       ?SetValue@Prop_string@@UAAXABV?$basic_string@DU?$char_traits@D@std@@V?$allocator@D@2@@std@@@Z 100f7984 f   setup.obj
 0001:000f6a44       ?CheckValue@Prop_string@@UAA_NABVValue@@_N@Z 100f7a44 f   setup.obj
[...]
 0005:00000794       __imp_?in@?$codecvt@DDH@std@@QBAHAAHPBD1AAPBDPAD3AAPAD@Z 1032a794     msvcprtd:MSVCP110D.dll
 0005:00000798       __imp_?_Gninc@?$basic_streambuf@DU?$char_traits@D@std@@@std@@IAAPADXZ 1032a798     msvcprtd:MSVCP110D.dll
 0005:0000079c       __imp_?_Gndec@?$basic_streambuf@DU?$char_traits@D@std@@@std@@IAAPADXZ 1032a79c     msvcprtd:MSVCP110D.dll
 0005:000007a0       __imp_?out@?$codecvt@DDH@std@@QBAHAAHPBD1AAPBDPAD3AAPAD@Z 1032a7a0     msvcprtd:MSVCP110D.dll
 0005:000007a4       __imp_?_Getcat@?$ctype@D@std@@SAIPAPBVfacet@locale@2@PBV42@@Z 1032a7a4     msvcprtd:MSVCP110D.dll
 0005:000007a8       __imp_??Bid@locale@std@@QAAIXZ 1032a7a8     msvcprtd:MSVCP110D.dll
 0005:000007ac       __imp_?id@?$ctype@D@std@@2V0locale@2@A 1032a7ac     msvcprtd:MSVCP110D.dll
 0005:000007b0       __imp_?_Ipfx@?$basic_istream@DU?$char_traits@D@std@@@std@@QAA_N_N@Z 1032a7b0     msvcprtd:MSVCP110D.dll
 0005:000007b4       __imp_?sbumpc@?$basic_streambuf@DU?$char_traits@D@std@@@std@@QAAHXZ 1032a7b4     msvcprtd:MSVCP110D.dll
 0005:000007b8       __imp_?getloc@?$basic_streambuf@DU?$char_traits@D@std@@@std@@QBA?AVlocale@2@XZ 1032a7b8     msvcprtd:MSVCP110D.dll
 0005:000007bc       __imp_?_Fiopen@std@@YAPAU_iobuf@@PBDHH@Z 1032a7bc     msvcprtd:MSVCP110D.dll
 0005:000007c0       __imp_?_Osfx@?$basic_ostream@DU?$char_traits@D@std@@@std@@QAAXXZ 1032a7c0     msvcprtd:MSVCP110D.dll
 0005:000007c4       __imp_?uncaught_exception@std@@YA_NXZ 1032a7c4     msvcprtd:MSVCP110D.dll
 0005:000007c8       __imp_?flush@?$basic_ostream@DU?$char_traits@D@std@@@std@@QAAAAV12@XZ 1032a7c8     msvcprtd:MSVCP110D.dll
 0005:000007cc       __imp_?tie@?$basic_ios@DU?$char_traits@D@std@@@std@@QBAPAV?$basic_ostream@DU?$char_traits@D@std@@@2@XZ 1032a7cc     msvcprtd:MSVCP110D.dll
 0005:000007d0       __imp_?good@ios_base@std@@QBA_NXZ 1032a7d0     msvcprtd:MSVCP110D.dll
 0005:000007d4       __imp_?_Add_vtordisp2@?$basic_ostream@DU?$char_traits@D@std@@@std@@UAAXXZ 1032a7d4     msvcprtd:MSVCP110D.dll
 0005:000007d8       __imp_?is@?$ctype@D@std@@QBA_NFD@Z 1032a7d8     msvcprtd:MSVCP110D.dll
 0005:000007dc       __imp_?snextc@?$basic_streambuf@DU?$char_traits@D@std@@@std@@QAAHXZ 1032a7dc     msvcprtd:MSVCP110D.dll
 0005:000007e0       __imp_?sgetc@?$basic_streambuf@DU?$char_traits@D@std@@@std@@QAAHXZ 1032a7e0     msvcprtd:MSVCP110D.dll
 0005:000007e4       __imp_?getloc@ios_base@std@@QBA?AVlocale@2@XZ 1032a7e4     msvcprtd:MSVCP110D.dll
 0005:000007e8       __imp_?widen@?$basic_ios@DU?$char_traits@D@std@@@std@@QBADD@Z 1032a7e8     msvcprtd:MSVCP110D.dll
 0005:000007ec       __imp_?setf@ios_base@std@@QAAHHH@Z 1032a7ec     msvcprtd:MSVCP110D.dll
 0005:000007f0       __imp_?setstate@?$basic_ios@DU?$char_traits@D@std@@@std@@QAAXH_N@Z 1032a7f0     msvcprtd:MSVCP110D.dll
 0005:000007f4       __imp_?width@ios_base@std@@QAA_J_J@Z 1032a7f4     msvcprtd:MSVCP110D.dll
 0005:000007f8       __imp_?sputn@?$basic_streambuf@DU?$char_traits@D@std@@@std@@QAA_JPBD_J@Z 1032a7f8     msvcprtd:MSVCP110D.dll
 0005:000007fc       __imp_?sputc@?$basic_streambuf@DU?$char_traits@D@std@@@std@@QAAHD@Z 1032a7fc     msvcprtd:MSVCP110D.dll
 0005:00000800       __imp_?rdbuf@?$basic_ios@DU?$char_traits@D@std@@@std@@QBAPAV?$basic_streambuf@DU?$char_traits@D@std@@@2@XZ 1032a800     msvcprtd:MSVCP110D.dll
 0005:00000804       __imp_?fill@?$basic_ios@DU?$char_traits@D@std@@@std@@QBADXZ 1032a804     msvcprtd:MSVCP110D.dll
 0005:00000808       __imp_?flags@ios_base@std@@QBAHXZ 1032a808     msvcprtd:MSVCP110D.dll
 0005:0000080c       __imp_?width@ios_base@std@@QBA_JXZ 1032a80c     msvcprtd:MSVCP110D.dll
 0005:00000810       __imp_?setf@ios_base@std@@QAAHH@Z 1032a810     msvcprtd:MSVCP110D.dll
 0005:00000814       __imp_??1?$basic_ostream@DU?$char_traits@D@std@@@std@@UAA@XZ 1032a814     msvcprtd:MSVCP110D.dll
 0005:00000818       __imp_?_Add_vtordisp1@?$basic_ios@DU?$char_traits@D@std@@@std@@UAAXXZ 1032a818     msvcprtd:MSVCP110D.dll
 0005:0000081c       __imp_??0?$basic_ostream@DU?$char_traits@D@std@@@std@@QAA@PAV?$basic_streambuf@DU?$char_traits@D@std@@@1@_N@Z 1032a81c     msvcprtd:MSVCP110D.dll
 0005:00000820       __imp_??Bios_base@std@@QBAPAXXZ 1032a820     msvcprtd:MSVCP110D.dll
 0005:00000824       __imp_??7ios_base@std@@QBA_NXZ 1032a824     msvcprtd:MSVCP110D.dll
 0005:00000828       __imp_??6?$basic_ostream@DU?$char_traits@D@std@@@std@@QAAAAV01@N@Z 1032a828     msvcprtd:MSVCP110D.dll
 0005:0000082c       __imp_?precision@ios_base@std@@QAA_J_J@Z 1032a82c     msvcprtd:MSVCP110D.dll
 0005:00000830       __imp_??6?$basic_ostream@DU?$char_traits@D@std@@@std@@QAAAAV01@_N@Z 1032a830     msvcprtd:MSVCP110D.dll
 0005:00000834       __imp_??6?$basic_ostream@DU?$char_traits@D@std@@@std@@QAAAAV01@P6AAAVios_base@1@AAV21@@Z@Z 1032a834     msvcprtd:MSVCP110D.dll
 0005:00000838       __imp_??6?$basic_ostream@DU?$char_traits@D@std@@@std@@QAAAAV01@H@Z 1032a838     msvcprtd:MSVCP110D.dll
 0005:0000083c       __imp_??5?$basic_istream@DU?$char_traits@D@std@@@std@@QAAAAV01@AAN@Z 1032a83c     msvcprtd:MSVCP110D.dll
 0005:00000840       __imp_?flags@ios_base@std@@QAAHH@Z 1032a840     msvcprtd:MSVCP110D.dll
 0005:00000844       __imp_??1_Lockit@std@@QAA@XZ 1032a844     msvcprtd:MSVCP110D.dll
 0005:00000848       __imp_?_Getpfirst@_Container_base12@std@@QBAPAPAU_Iterator_base12@2@XZ 1032a848     msvcprtd:MSVCP110D.dll
 0005:0000084c       __imp_??0_Lockit@std@@QAA@H@Z 1032a84c     msvcprtd:MSVCP110D.dll
 0005:00000850       __imp_?pbump@?$basic_streambuf@DU?$char_traits@D@std@@@std@@IAAXH@Z 1032a850     msvcprtd:MSVCP110D.dll
 0005:00000854       __imp_?_BADOFF@std@@3_JB   1032a854     msvcprtd:MSVCP110D.dll
 0005:00000858       __imp_?egptr@?$basic_streambuf@DU?$char_traits@D@std@@@std@@IBAPADXZ 1032a858     msvcprtd:MSVCP110D.dll
 0005:0000085c       __imp_?gbump@?$basic_streambuf@DU?$char_traits@D@std@@@std@@IAAXH@Z 1032a85c     msvcprtd:MSVCP110D.dll
 0005:00000860       __imp_?gptr@?$basic_streambuf@DU?$char_traits@D@std@@@std@@IBAPADXZ 1032a860     msvcprtd:MSVCP110D.dll
 0005:00000864       __imp_?setg@?$basic_streambuf@DU?$char_traits@D@std@@@std@@IAAXPAD00@Z 1032a864     msvcprtd:MSVCP110D.dll
 0005:00000868       __imp_?setp@?$basic_streambuf@DU?$char_traits@D@std@@@std@@IAAXPAD0@Z 1032a868     msvcprtd:MSVCP110D.dll
 0005:0000086c       __imp_?eback@?$basic_streambuf@DU?$char_traits@D@std@@@std@@IBAPADXZ 1032a86c     msvcprtd:MSVCP110D.dll
 0005:00000870       __imp_?_Pninc@?$basic_streambuf@DU?$char_traits@D@std@@@std@@IAAPADXZ 1032a870     msvcprtd:MSVCP110D.dll
 0005:00000874       __imp_?setp@?$basic_streambuf@DU?$char_traits@D@std@@@std@@IAAXPAD00@Z 1032a874     msvcprtd:MSVCP110D.dll
 0005:00000878       __imp_?pbase@?$basic_streambuf@DU?$char_traits@D@std@@@std@@IBAPADXZ 1032a878     msvcprtd:MSVCP110D.dll
 0005:0000087c       __imp_?epptr@?$basic_streambuf@DU?$char_traits@D@std@@@std@@IBAPADXZ 1032a87c     msvcprtd:MSVCP110D.dll
 0005:00000880       __imp_?pptr@?$basic_streambuf@DU?$char_traits@D@std@@@std@@IBAPADXZ 1032a880     msvcprtd:MSVCP110D.dll
 0005:00000884       __imp_??1?$basic_streambuf@DU?$char_traits@D@std@@@std@@UAA@XZ 1032a884     msvcprtd:MSVCP110D.dll
 0005:00000888       __imp_?imbue@?$basic_streambuf@DU?$char_traits@D@std@@@std@@MAAXABVlocale@2@@Z 1032a888     msvcprtd:MSVCP110D.dll
 0005:0000088c       __imp_?sync@?$basic_streambuf@DU?$char_traits@D@std@@@std@@MAAHXZ 1032a88c     msvcprtd:MSVCP110D.dll
 0005:00000890       __imp_?setbuf@?$basic_streambuf@DU?$char_traits@D@std@@@std@@MAAPAV12@PAD_J@Z 1032a890     msvcprtd:MSVCP110D.dll
 0005:00000894       __imp_?xsputn@?$basic_streambuf@DU?$char_traits@D@std@@@std@@MAA_JPBD_J@Z 1032a894     msvcprtd:MSVCP110D.dll
 0005:00000898       __imp_?xsgetn@?$basic_streambuf@DU?$char_traits@D@std@@@std@@MAA_JPAD_J@Z 1032a898     msvcprtd:MSVCP110D.dll
 0005:0000089c       __imp_?uflow@?$basic_streambuf@DU?$char_traits@D@std@@@std@@MAAHXZ 1032a89c     msvcprtd:MSVCP110D.dll
 0005:000008a0       __imp_?showmanyc@?$basic_streambuf@DU?$char_traits@D@std@@@std@@MAA_JXZ 1032a8a0     msvcprtd:MSVCP110D.dll
 0005:000008a4       __imp_?_Unlock@?$basic_streambuf@DU?$char_traits@D@std@@@std@@UAAXXZ 1032a8a4     msvcprtd:MSVCP110D.dll
 0005:000008a8       __imp_?_Lock@?$basic_streambuf@DU?$char_traits@D@std@@@std@@UAAXXZ 1032a8a8     msvcprtd:MSVCP110D.dll
 0005:000008ac       __imp_??0?$basic_streambuf@DU?$char_traits@D@std@@@std@@IAA@XZ 1032a8ac     msvcprtd:MSVCP110D.dll
 0005:000008b0       __imp_?_Add_vtordisp1@?$basic_istream@DU?$char_traits@D@std@@@std@@UAAXXZ 1032a8b0     msvcprtd:MSVCP110D.dll
 0005:000008b4       __imp_??1?$basic_istream@DU?$char_traits@D@std@@@std@@UAA@XZ 1032a8b4     msvcprtd:MSVCP110D.dll
 0005:000008b8       __imp_??1?$basic_ios@DU?$char_traits@D@std@@@std@@UAA@XZ 1032a8b8     msvcprtd:MSVCP110D.dll
 0005:000008bc       __imp_?_Add_vtordisp2@?$basic_ios@DU?$char_traits@D@std@@@std@@UAAXXZ 1032a8bc     msvcprtd:MSVCP110D.dll
 0005:000008c0       __imp_??0?$basic_istream@DU?$char_traits@D@std@@@std@@QAA@PAV?$basic_streambuf@DU?$char_traits@D@std@@@1@_N@Z 1032a8c0     msvcprtd:MSVCP110D.dll
 0005:000008c4       __imp_??0?$basic_ios@DU?$char_traits@D@std@@@std@@IAA@XZ 1032a8c4     msvcprtd:MSVCP110D.dll
 0005:000008c8       __imp_??5?$basic_istream@DU?$char_traits@D@std@@@std@@QAAAAV01@AAH@Z 1032a8c8     msvcprtd:MSVCP110D.dll
 0005:000008cc       __imp_??0id@locale@std@@QAA@I@Z 1032a8cc     msvcprtd:MSVCP110D.dll
 0005:000008d0       __imp_?_Syserror_map@std@@YAPBDH@Z 1032a8d0     msvcprtd:MSVCP110D.dll
 0005:000008d4       __imp_?_Winerror_map@std@@YAPBDH@Z 1032a8d4     msvcprtd:MSVCP110D.dll
 0005:000008d8       __imp_??0_Container_base12@std@@QAA@XZ 1032a8d8     msvcprtd:MSVCP110D.dll
 0005:000008dc       __imp_??1_Container_base12@std@@QAA@XZ 1032a8dc     msvcprtd:MSVCP110D.dll
 0005:000008e0       __imp_?_Debug_message@std@@YAXPB_W0I@Z 1032a8e0     msvcprtd:MSVCP110D.dll
 0005:000008e4       __imp_?_Orphan_all@_Container_base12@std@@QAAXXZ 1032a8e4     msvcprtd:MSVCP110D.dll
 0005:000008e8       __imp_?_Xlength_error@std@@YAXPBD@Z 1032a8e8     msvcprtd:MSVCP110D.dll
 0005:000008ec       __imp_?_Xout_of_range@std@@YAXPBD@Z 1032a8ec     msvcprtd:MSVCP110D.dll
 0005:000008f0       \177MSVCP110D_NULL_THUNK_DATA 1032a8f0     msvcprtd:MSVCP110D.dll
 0005:00000968       __imp___clean_type_info_names_internal 1032a968     MSVCRTD:MSVCR110D.dll
 0005:0000096c       __imp__wmakepath_s         1032a96c     MSVCRTD:MSVCR110D.dll
 0005:00000970       __imp_wcscpy_s             1032a970     MSVCRTD:MSVCR110D.dll
 0005:00000974       __imp__wsplitpath_s        1032a974     MSVCRTD:MSVCR110D.dll
 0005:00000978       __imp_?terminate@@YAXXZ    1032a978     MSVCRTD:MSVCR110D.dll
 0005:0000097c       __imp___CppXcptFilter      1032a97c     MSVCRTD:MSVCR110D.dll
 0005:00000980       __imp__free_dbg            1032a980     MSVCRTD:MSVCR110D.dll
 0005:00000984       __imp__CrtSetCheckCount    1032a984     MSVCRTD:MSVCR110D.dll
 0005:00000988       __imp__initterm            1032a988     MSVCRTD:MSVCR110D.dll
 0005:0000098c       __imp__initterm_e          1032a98c     MSVCRTD:MSVCR110D.dll
 0005:00000990       __imp_strlen               1032a990     MSVCRTD:MSVCR110D.dll
 0005:00000994       __imp__malloc_dbg          1032a994     MSVCRTD:MSVCR110D.dll
 0005:00000998       __imp_??1type_info@@UAA@XZ 1032a998     MSVCRTD:MSVCR110D.dll
 0005:0000099c       __imp__unlock              1032a99c     MSVCRTD:MSVCR110D.dll
 0005:000009a0       __imp___dllonexit          1032a9a0     MSVCRTD:MSVCR110D.dll
 0005:000009a4       __imp__lock                1032a9a4     MSVCRTD:MSVCR110D.dll
 0005:000009a8       __imp__onexit              1032a9a8     MSVCRTD:MSVCR110D.dll
 0005:000009ac       __imp__calloc_dbg          1032a9ac     MSVCRTD:MSVCR110D.dll
 0005:000009b0       __imp__CRT_RTC_INITW       1032a9b0     MSVCRTD:MSVCR110D.dll
 0005:000009b4       __imp_strchr               1032a9b4     MSVCRTD:MSVCR110D.dll
 0005:000009b8       __imp_vsprintf             1032a9b8     MSVCRTD:MSVCR110D.dll
 0005:000009bc       __imp_isspace              1032a9bc     MSVCRTD:MSVCR110D.dll
 0005:000009c0       __imp_tolower              1032a9c0     MSVCRTD:MSVCR110D.dll
 0005:000009c4       __imp_toupper              1032a9c4     MSVCRTD:MSVCR110D.dll
 0005:000009c8       __imp_fputc                1032a9c8     MSVCRTD:MSVCR110D.dll
 0005:000009cc       __imp_fflush               1032a9cc     MSVCRTD:MSVCR110D.dll
 0005:000009d0       __imp_setvbuf              1032a9d0     MSVCRTD:MSVCR110D.dll
 0005:000009d4       __imp_fsetpos              1032a9d4     MSVCRTD:MSVCR110D.dll
 0005:000009d8       __imp_fgetpos              1032a9d8     MSVCRTD:MSVCR110D.dll
 0005:000009dc       __imp__fseeki64            1032a9dc     MSVCRTD:MSVCR110D.dll
 0005:000009e0       __imp_memcpy_s             1032a9e0     MSVCRTD:MSVCR110D.dll
 0005:000009e4       __imp_ungetc               1032a9e4     MSVCRTD:MSVCR110D.dll
 0005:000009e8       __imp_fgetc                1032a9e8     MSVCRTD:MSVCR110D.dll
 0005:000009ec       __imp_fwrite               1032a9ec     MSVCRTD:MSVCR110D.dll
 0005:000009f0       __imp__unlock_file         1032a9f0     MSVCRTD:MSVCR110D.dll
 0005:000009f4       __imp__lock_file           1032a9f4     MSVCRTD:MSVCR110D.dll
 0005:000009f8       __imp_??0exception@std@@QAA@ABV01@@Z 1032a9f8     MSVCRTD:MSVCR110D.dll
 0005:000009fc       __imp_??0bad_cast@std@@QAA@ABV01@@Z 1032a9fc     MSVCRTD:MSVCR110D.dll
 0005:00000a00       __imp_??1bad_cast@std@@UAA@XZ 1032aa00     MSVCRTD:MSVCR110D.dll
 0005:00000a04       __imp_??0bad_cast@std@@QAA@PBD@Z 1032aa04     MSVCRTD:MSVCR110D.dll
 0005:00000a08       __imp_strrchr              1032aa08     MSVCRTD:MSVCR110D.dll
 0005:00000a0c       __imp_strncmp              1032aa0c     MSVCRTD:MSVCR110D.dll
 0005:00000a10       __imp_atoi                 1032aa10     MSVCRTD:MSVCR110D.dll
 0005:00000a14       __imp__strnicmp            1032aa14     MSVCRTD:MSVCR110D.dll
 0005:00000a18       __imp_fputs                1032aa18     MSVCRTD:MSVCR110D.dll
 0005:00000a1c       __imp__snprintf            1032aa1c     MSVCRTD:MSVCR110D.dll
 0005:00000a20       __imp___RTDynamicCast      1032aa20     MSVCRTD:MSVCR110D.dll
 0005:00000a24       __imp_sscanf               1032aa24     MSVCRTD:MSVCR110D.dll
 0005:00000a28       __imp__invalid_parameter   1032aa28     MSVCRTD:MSVCR110D.dll
 0005:00000a2c       __imp__CrtDbgReportW       1032aa2c     MSVCRTD:MSVCR110D.dll
 0005:00000a30       __imp_fgets                1032aa30     MSVCRTD:MSVCR110D.dll
 0005:00000a34       __imp_fclose               1032aa34     MSVCRTD:MSVCR110D.dll
 0005:00000a38       __imp_fprintf              1032aa38     MSVCRTD:MSVCR110D.dll
 0005:00000a3c       __imp_fopen                1032aa3c     MSVCRTD:MSVCR110D.dll
 0005:00000a40       __imp_??_V@YAXPAX@Z        1032aa40     MSVCRTD:MSVCR110D.dll
 0005:00000a44       __imp_??_U@YAPAXI@Z        1032aa44     MSVCRTD:MSVCR110D.dll
 0005:00000a48       __imp_puts                 1032aa48     MSVCRTD:MSVCR110D.dll
 0005:00000a4c       __imp_exit                 1032aa4c     MSVCRTD:MSVCR110D.dll
 0005:00000a50       __imp___C_specific_handler 1032aa50     MSVCRTD:MSVCR110D.dll
 0005:00000a54       __imp_sprintf              1032aa54     MSVCRTD:MSVCR110D.dll
 0005:00000a58       __imp_vprintf              1032aa58     MSVCRTD:MSVCR110D.dll
 0005:00000a5c       __imp_strcat               1032aa5c     MSVCRTD:MSVCR110D.dll
 0005:00000a60       __imp_strncpy              1032aa60     MSVCRTD:MSVCR110D.dll
 0005:00000a64       __imp_getenv               1032aa64     MSVCRTD:MSVCR110D.dll
 0005:00000a68       __imp_memcmp               1032aa68     MSVCRTD:MSVCR110D.dll
 0005:00000a6c       __imp_memchr               1032aa6c     MSVCRTD:MSVCR110D.dll
 0005:00000a70       __imp_printf               1032aa70     MSVCRTD:MSVCR110D.dll
 0005:00000a74       __imp_memmove              1032aa74     MSVCRTD:MSVCR110D.dll
 0005:00000a78       __imp__CxxThrowException   1032aa78     MSVCRTD:MSVCR110D.dll
 0005:00000a7c       __imp_ceil                 1032aa7c     MSVCRTD:MSVCR110D.dll
 0005:00000a80       __imp_cos                  1032aa80     MSVCRTD:MSVCR110D.dll
 0005:00000a84       __imp_sin                  1032aa84     MSVCRTD:MSVCR110D.dll
 0005:00000a88       __imp_sqrt                 1032aa88     MSVCRTD:MSVCR110D.dll
 0005:00000a8c       __imp_floor                1032aa8c     MSVCRTD:MSVCR110D.dll
 0005:00000a90       __imp_atan2                1032aa90     MSVCRTD:MSVCR110D.dll
 0005:00000a94       __imp_tan                  1032aa94     MSVCRTD:MSVCR110D.dll
 0005:00000a98       __imp_log                  1032aa98     MSVCRTD:MSVCR110D.dll
 0005:00000a9c       __imp_pow                  1032aa9c     MSVCRTD:MSVCR110D.dll
 0005:00000aa0       __imp_fabs                 1032aaa0     MSVCRTD:MSVCR110D.dll
 0005:00000aa4       __imp_memcpy               1032aaa4     MSVCRTD:MSVCR110D.dll
 0005:00000aa8       __imp__purecall            1032aaa8     MSVCRTD:MSVCR110D.dll
 0005:00000aac       __imp_malloc               1032aaac     MSVCRTD:MSVCR110D.dll
 0005:00000ab0       __imp___CxxFrameHandler3   1032aab0     MSVCRTD:MSVCR110D.dll
 0005:00000ab4       __imp__wassert             1032aab4     MSVCRTD:MSVCR110D.dll
 0005:00000ab8       __imp_free                 1032aab8     MSVCRTD:MSVCR110D.dll
 0005:00000abc       __imp_??3@YAXPAX@Z         1032aabc     MSVCRTD:MSVCR110D.dll
 0005:00000ac0       __imp_strcpy               1032aac0     MSVCRTD:MSVCR110D.dll
 0005:00000ac4       __imp_??2@YAPAXI@Z         1032aac4     MSVCRTD:MSVCR110D.dll
 0005:00000ac8       __imp_memset               1032aac8     MSVCRTD:MSVCR110D.dll
 0005:00000acc       __imp__mkdir               1032aacc     MSVCRTD:MSVCR110D.dll
 0005:00000acc       __imp_mkdir                1032aacc     MSVCRTD:MSVCR110D.dll
 0005:00000ad0       __imp_access               1032aad0     MSVCRTD:MSVCR110D.dll
 0005:00000ad0       __imp__access              1032aad0     MSVCRTD:MSVCR110D.dll
 0005:00000ad4       __imp__amsg_exit           1032aad4     MSVCRTD:MSVCR110D.dll
 0005:00000ad8       __imp_stricmp              1032aad8     MSVCRTD:MSVCR110D.dll
 0005:00000ad8       __imp__stricmp             1032aad8     MSVCRTD:MSVCR110D.dll
 0005:00000adc       \177MSVCR110D_NULL_THUNK_DATA 1032aadc     MSVCRTD:MSVCR110D.dll
 0005:00000b50       __imp_SHGetSpecialFolderPathA 1032ab50     shell32:SHELL32.dll
 0005:00000b54       \177SHELL32_NULL_THUNK_DATA 1032ab54     shell32:SHELL32.dll
 0005:00000b80       __imp_CbReturnToHost       1032ab80     cbacks.nt:cbacks.nt.dll
 0005:00000b84       __imp_CbIsReturnToHost     1032ab84     cbacks.nt:cbacks.nt.dll
 0005:00000b88       __imp_CbRemoveCallAtThreadExit 1032ab88     cbacks.nt:cbacks.nt.dll
 0005:00000b8c       __imp_CbCallAtThreadExit   1032ab8c     cbacks.nt:cbacks.nt.dll
 0005:00000b90       \177cbacks.nt_NULL_THUNK_DATA 1032ab90     cbacks.nt:cbacks.nt.dll
 0005:00000bbc       __imp_PeLdrGetPageSize     1032abbc     peldr.nt:peldr.nt.dll
 0005:00000bc0       __imp_PeLdrGetSystemDirectoryA 1032abc0     peldr.nt:peldr.nt.dll
 0005:00000bc4       __imp_PeLdrGetCurrentTeb   1032abc4     peldr.nt:peldr.nt.dll
 0005:00000bc8       \177peldr.nt_NULL_THUNK_DATA 1032abc8     peldr.nt:peldr.nt.dll
 0005:00000bf4       __imp_LogPrint             1032abf4     supp.nt:supp.nt.dll
 0005:00000bf8       __imp_LogInfo              1032abf8     supp.nt:supp.nt.dll
 0005:00000bfc       __imp_CfgGetString         1032abfc     supp.nt:supp.nt.dll
 0005:00000c00       __imp_LogErr               1032ac00     supp.nt:supp.nt.dll
 0005:00000c04       \177supp.nt_NULL_THUNK_DATA 1032ac04     supp.nt:supp.nt.dll
 0005:00000c30       __imp_SetFPUCW             1032ac30     x86_emu:x86_emu.dll
 0005:00000c34       __imp_GetFPUCW             1032ac34     x86_emu:x86_emu.dll
 0005:00000c38       \177x86_emu_NULL_THUNK_DATA 1032ac38     x86_emu:x86_emu.dll

 entry point at        0001:00118370

